Archive member included to satisfy reference by file (symbol)

C:/ST/STM32CubeIDE_1.15.1/STM32CubeIDE/plugins/com.st.stm32cube.ide.mcu.externaltools.gnu-tools-for-stm32.12.3.rel1.win32_1.0.100.202403111256/tools/bin/../lib/gcc/arm-none-eabi/12.3.1/../../../../arm-none-eabi/lib/thumb/v7-m/nofp\libc_nano.a(libc_a-exit.o)
                              C:/ST/STM32CubeIDE_1.15.1/STM32CubeIDE/plugins/com.st.stm32cube.ide.mcu.externaltools.gnu-tools-for-stm32.12.3.rel1.win32_1.0.100.202403111256/tools/bin/../lib/gcc/arm-none-eabi/12.3.1/../../../../arm-none-eabi/lib/thumb/v7-m/nofp/crt0.o (exit)
C:/ST/STM32CubeIDE_1.15.1/STM32CubeIDE/plugins/com.st.stm32cube.ide.mcu.externaltools.gnu-tools-for-stm32.12.3.rel1.win32_1.0.100.202403111256/tools/bin/../lib/gcc/arm-none-eabi/12.3.1/../../../../arm-none-eabi/lib/thumb/v7-m/nofp\libc_nano.a(libc_a-malloc.o)
                              ./middlelayers/acp/acp.o (malloc)
C:/ST/STM32CubeIDE_1.15.1/STM32CubeIDE/plugins/com.st.stm32cube.ide.mcu.externaltools.gnu-tools-for-stm32.12.3.rel1.win32_1.0.100.202403111256/tools/bin/../lib/gcc/arm-none-eabi/12.3.1/../../../../arm-none-eabi/lib/thumb/v7-m/nofp\libc_nano.a(libc_a-mallocr.o)
                              C:/ST/STM32CubeIDE_1.15.1/STM32CubeIDE/plugins/com.st.stm32cube.ide.mcu.externaltools.gnu-tools-for-stm32.12.3.rel1.win32_1.0.100.202403111256/tools/bin/../lib/gcc/arm-none-eabi/12.3.1/../../../../arm-none-eabi/lib/thumb/v7-m/nofp\libc_nano.a(libc_a-malloc.o) (_malloc_r)
C:/ST/STM32CubeIDE_1.15.1/STM32CubeIDE/plugins/com.st.stm32cube.ide.mcu.externaltools.gnu-tools-for-stm32.12.3.rel1.win32_1.0.100.202403111256/tools/bin/../lib/gcc/arm-none-eabi/12.3.1/../../../../arm-none-eabi/lib/thumb/v7-m/nofp\libc_nano.a(libc_a-mlock.o)
                              C:/ST/STM32CubeIDE_1.15.1/STM32CubeIDE/plugins/com.st.stm32cube.ide.mcu.externaltools.gnu-tools-for-stm32.12.3.rel1.win32_1.0.100.202403111256/tools/bin/../lib/gcc/arm-none-eabi/12.3.1/../../../../arm-none-eabi/lib/thumb/v7-m/nofp\libc_nano.a(libc_a-mallocr.o) (__malloc_lock)
C:/ST/STM32CubeIDE_1.15.1/STM32CubeIDE/plugins/com.st.stm32cube.ide.mcu.externaltools.gnu-tools-for-stm32.12.3.rel1.win32_1.0.100.202403111256/tools/bin/../lib/gcc/arm-none-eabi/12.3.1/../../../../arm-none-eabi/lib/thumb/v7-m/nofp\libc_nano.a(libc_a-rand.o)
                              ./middlelayers/acp/acp.o (rand)
C:/ST/STM32CubeIDE_1.15.1/STM32CubeIDE/plugins/com.st.stm32cube.ide.mcu.externaltools.gnu-tools-for-stm32.12.3.rel1.win32_1.0.100.202403111256/tools/bin/../lib/gcc/arm-none-eabi/12.3.1/../../../../arm-none-eabi/lib/thumb/v7-m/nofp\libc_nano.a(libc_a-realloc.o)
                              ./middlelayers/buffer/buffer.o (realloc)
C:/ST/STM32CubeIDE_1.15.1/STM32CubeIDE/plugins/com.st.stm32cube.ide.mcu.externaltools.gnu-tools-for-stm32.12.3.rel1.win32_1.0.100.202403111256/tools/bin/../lib/gcc/arm-none-eabi/12.3.1/../../../../arm-none-eabi/lib/thumb/v7-m/nofp\libc_nano.a(libc_a-reallocr.o)
                              C:/ST/STM32CubeIDE_1.15.1/STM32CubeIDE/plugins/com.st.stm32cube.ide.mcu.externaltools.gnu-tools-for-stm32.12.3.rel1.win32_1.0.100.202403111256/tools/bin/../lib/gcc/arm-none-eabi/12.3.1/../../../../arm-none-eabi/lib/thumb/v7-m/nofp\libc_nano.a(libc_a-realloc.o) (_realloc_r)
C:/ST/STM32CubeIDE_1.15.1/STM32CubeIDE/plugins/com.st.stm32cube.ide.mcu.externaltools.gnu-tools-for-stm32.12.3.rel1.win32_1.0.100.202403111256/tools/bin/../lib/gcc/arm-none-eabi/12.3.1/../../../../arm-none-eabi/lib/thumb/v7-m/nofp\libc_nano.a(libc_a-findfp.o)
                              C:/ST/STM32CubeIDE_1.15.1/STM32CubeIDE/plugins/com.st.stm32cube.ide.mcu.externaltools.gnu-tools-for-stm32.12.3.rel1.win32_1.0.100.202403111256/tools/bin/../lib/gcc/arm-none-eabi/12.3.1/../../../../arm-none-eabi/lib/thumb/v7-m/nofp\libc_nano.a(libc_a-exit.o) (__stdio_exit_handler)
C:/ST/STM32CubeIDE_1.15.1/STM32CubeIDE/plugins/com.st.stm32cube.ide.mcu.externaltools.gnu-tools-for-stm32.12.3.rel1.win32_1.0.100.202403111256/tools/bin/../lib/gcc/arm-none-eabi/12.3.1/../../../../arm-none-eabi/lib/thumb/v7-m/nofp\libc_nano.a(libc_a-fwalk.o)
                              C:/ST/STM32CubeIDE_1.15.1/STM32CubeIDE/plugins/com.st.stm32cube.ide.mcu.externaltools.gnu-tools-for-stm32.12.3.rel1.win32_1.0.100.202403111256/tools/bin/../lib/gcc/arm-none-eabi/12.3.1/../../../../arm-none-eabi/lib/thumb/v7-m/nofp\libc_nano.a(libc_a-findfp.o) (_fwalk_sglue)
C:/ST/STM32CubeIDE_1.15.1/STM32CubeIDE/plugins/com.st.stm32cube.ide.mcu.externaltools.gnu-tools-for-stm32.12.3.rel1.win32_1.0.100.202403111256/tools/bin/../lib/gcc/arm-none-eabi/12.3.1/../../../../arm-none-eabi/lib/thumb/v7-m/nofp\libc_nano.a(libc_a-stdio.o)
                              C:/ST/STM32CubeIDE_1.15.1/STM32CubeIDE/plugins/com.st.stm32cube.ide.mcu.externaltools.gnu-tools-for-stm32.12.3.rel1.win32_1.0.100.202403111256/tools/bin/../lib/gcc/arm-none-eabi/12.3.1/../../../../arm-none-eabi/lib/thumb/v7-m/nofp\libc_nano.a(libc_a-findfp.o) (__sread)
[...]
Memory Configuration

Name             Origin             Length             Attributes
RAM              0x20000000         0x00005000         xrw
FLASH            0x08000000         0x00010000         xr
*default*        0x00000000         0xffffffff

Linker script and memory map

LOAD C:/ST/STM32CubeIDE_1.15.1/STM32CubeIDE/plugins/com.st.stm32cube.ide.mcu.externaltools.gnu-tools-for-stm32.12.3.rel1.win32_1.0.100.202403111256/tools/bin/../lib/gcc/arm-none-eabi/12.3.1/thumb/v7-m/nofp/crti.o
LOAD C:/ST/STM32CubeIDE_1.15.1/STM32CubeIDE/plugins/com.st.stm32cube.ide.mcu.externaltools.gnu-tools-for-stm32.12.3.rel1.win32_1.0.100.202403111256/tools/bin/../lib/gcc/arm-none-eabi/12.3.1/thumb/v7-m/nofp/crtbegin.o
LOAD C:/ST/STM32CubeIDE_1.15.1/STM32CubeIDE/plugins/com.st.stm32cube.ide.mcu.externaltools.gnu-tools-for-stm32.12.3.rel1.win32_1.0.100.202403111256/tools/bin/../lib/gcc/arm-none-eabi/12.3.1/../../../../arm-none-eabi/lib/thumb/v7-m/nofp/crt0.o
LOAD ./App/FP_session.o
LOAD ./App/Sleep_session.o
LOAD ./App/mainApp.o
LOAD ./Core/Src/main.o
LOAD ./Core/Src/stm32f1xx_hal_msp.o
LOAD ./Core/Src/stm32f1xx_it.o
LOAD ./Core/Src/syscalls.o
LOAD ./Core/Src/sysmem.o
LOAD ./Core/Src/system_stm32f1xx.o
LOAD ./Core/Startup/startup_stm32f103c8tx.o
LOAD ./Drivers/STM32F1xx_HAL_Driver/Src/stm32f1xx_hal.o
LOAD ./Drivers/STM32F1xx_HAL_Driver/Src/stm32f1xx_hal_adc.o
LOAD ./Drivers/STM32F1xx_HAL_Driver/Src/stm32f1xx_hal_adc_ex.o
LOAD ./Drivers/STM32F1xx_HAL_Driver/Src/stm32f1xx_hal_cortex.o
LOAD ./Drivers/STM32F1xx_HAL_Driver/Src/stm32f1xx_hal_dma.o
LOAD ./Drivers/STM32F1xx_HAL_Driver/Src/stm32f1xx_hal_exti.o
LOAD ./Drivers/STM32F1xx_HAL_Driver/Src/stm32f1xx_hal_flash.o
LOAD ./Drivers/STM32F1xx_HAL_Driver/Src/stm32f1xx_hal_flash_ex.o
LOAD ./Drivers/STM32F1xx_HAL_Driver/Src/stm32f1xx_hal_gpio.o
LOAD ./Drivers/STM32F1xx_HAL_Driver/Src/stm32f1xx_hal_gpio_ex.o
LOAD ./Drivers/STM32F1xx_HAL_Driver/Src/stm32f1xx_hal_pwr.o
LOAD ./Drivers/STM32F1xx_HAL_Driver/Src/stm32f1xx_hal_rcc.o
LOAD ./Drivers/STM32F1xx_HAL_Driver/Src/stm32f1xx_hal_rcc_ex.o
LOAD ./Drivers/STM32F1xx_HAL_Driver/Src/stm32f1xx_hal_rtc.o
LOAD ./Drivers/STM32F1xx_HAL_Driver/Src/stm32f1xx_hal_rtc_ex.o
LOAD ./Drivers/STM32F1xx_HAL_Driver/Src/stm32f1xx_hal_tim.o
LOAD ./Drivers/STM32F1xx_HAL_Driver/Src/stm32f1xx_hal_tim_ex.o
LOAD ./middlelayers/acp/acp.o
LOAD ./middlelayers/buffer/buffer.o
LOAD ./middlelayers/buffer/router.o
LOAD ./middlelayers/crc/crc.o
LOAD ./middlelayers/device/DHT22/DHT22.o
LOAD ./middlelayers/device/MQ135/MQ135.o
LOAD ./middlelayers/device/PM25/PM25.o
LOAD ./middlelayers/lo_ptc/lo_ptc.o
LOAD ./modules/uart/user_uart.o
START GROUP
LOAD C:/ST/STM32CubeIDE_1.15.1/STM32CubeIDE/plugins/com.st.stm32cube.ide.mcu.externaltools.gnu-tools-for-stm32.12.3.rel1.win32_1.0.100.202403111256/tools/bin/../lib/gcc/arm-none-eabi/12.3.1/../../../../arm-none-eabi/lib/thumb/v7-m/nofp\libc_nano.a
LOAD C:/ST/STM32CubeIDE_1.15.1/STM32CubeIDE/plugins/com.st.stm32cube.ide.mcu.externaltools.gnu-tools-for-stm32.12.3.rel1.win32_1.0.100.202403111256/tools/bin/../lib/gcc/arm-none-eabi/12.3.1/../../../../arm-none-eabi/lib/thumb/v7-m/nofp\libm.a
END GROUP
START GROUP
LOAD C:/ST/STM32CubeIDE_1.15.1/STM32CubeIDE/plugins/com.st.stm32cube.ide.mcu.externaltools.gnu-tools-for-stm32.12.3.rel1.win32_1.0.100.202403111256/tools/bin/../lib/gcc/arm-none-eabi/12.3.1/thumb/v7-m/nofp\libgcc.a
LOAD C:/ST/STM32CubeIDE_1.15.1/STM32CubeIDE/plugins/com.st.stm32cube.ide.mcu.externaltools.gnu-tools-for-stm32.12.3.rel1.win32_1.0.100.202403111256/tools/bin/../lib/gcc/arm-none-eabi/12.3.1/../../../../arm-none-eabi/lib/thumb/v7-m/nofp\libc_nano.a
END GROUP
START GROUP
LOAD C:/ST/STM32CubeIDE_1.15.1/STM32CubeIDE/plugins/com.st.stm32cube.ide.mcu.externaltools.gnu-tools-for-stm32.12.3.rel1.win32_1.0.100.202403111256/tools/bin/../lib/gcc/arm-none-eabi/12.3.1/thumb/v7-m/nofp\libgcc.a
LOAD C:/ST/STM32CubeIDE_1.15.1/STM32CubeIDE/plugins/com.st.stm32cube.ide.mcu.externaltools.gnu-tools-for-stm32.12.3.rel1.win32_1.0.100.202403111256/tools/bin/../lib/gcc/arm-none-eabi/12.3.1/../../../../arm-none-eabi/lib/thumb/v7-m/nofp\libc_nano.a
LOAD C:/ST/STM32CubeIDE_1.15.1/STM32CubeIDE/plugins/com.st.stm32cube.ide.mcu.externaltools.gnu-tools-for-stm32.12.3.rel1.win32_1.0.100.202403111256/tools/bin/../lib/gcc/arm-none-eabi/12.3.1/../../../../arm-none-eabi/lib/thumb/v7-m/nofp\libnosys.a
END GROUP
START GROUP
LOAD C:/ST/STM32CubeIDE_1.15.1/STM32CubeIDE/plugins/com.st.stm32cube.ide.mcu.externaltools.gnu-tools-for-stm32.12.3.rel1.win32_1.0.100.202403111256/tools/bin/../lib/gcc/arm-none-eabi/12.3.1/thumb/v7-m/nofp\libgcc.a
LOAD C:/ST/STM32CubeIDE_1.15.1/STM32CubeIDE/plugins/com.st.stm32cube.ide.mcu.externaltools.gnu-tools-for-stm32.12.3.rel1.win32_1.0.100.202403111256/tools/bin/../lib/gcc/arm-none-eabi/12.3.1/../../../../arm-none-eabi/lib/thumb/v7-m/nofp\libc_nano.a
LOAD C:/ST/STM32CubeIDE_1.15.1/STM32CubeIDE/plugins/com.st.stm32cube.ide.mcu.externaltools.gnu-tools-for-stm32.12.3.rel1.win32_1.0.100.202403111256/tools/bin/../lib/gcc/arm-none-eabi/12.3.1/../../../../arm-none-eabi/lib/thumb/v7-m/nofp\libnosys.a
END GROUP
LOAD C:/ST/STM32CubeIDE_1.15.1/STM32CubeIDE/plugins/com.st.stm32cube.ide.mcu.externaltools.gnu-tools-for-stm32.12.3.rel1.win32_1.0.100.202403111256/tools/bin/../lib/gcc/arm-none-eabi/12.3.1/thumb/v7-m/nofp/crtend.o
LOAD C:/ST/STM32CubeIDE_1.15.1/STM32CubeIDE/plugins/com.st.stm32cube.ide.mcu.externaltools.gnu-tools-for-stm32.12.3.rel1.win32_1.0.100.202403111256/tools/bin/../lib/gcc/arm-none-eabi/12.3.1/thumb/v7-m/nofp/crtn.o
                0x20005000                        _estack = (ORIGIN (RAM) + LENGTH (RAM))
                0x00000200                        _Min_Heap_Size = 0x200
                0x00000400                        _Min_Stack_Size = 0x400

.isr_vector     0x08000000      0x10c
                0x08000000                        . = ALIGN (0x4)
 *(.isr_vector)
 .isr_vector    0x08000000      0x10c ./Core/Startup/startup_stm32f103c8tx.o
                0x08000000                g_pfnVectors
                0x0800010c                        . = ALIGN (0x4)

.text           0x08000110     0x7910
                0x08000110                        . = ALIGN (0x4)
 *(.text)
 .text          0x08000110       0x40 C:/ST/STM32CubeIDE_1.15.1/STM32CubeIDE/plugins/com.st.stm32cube.ide.mcu.externaltools.gnu-tools-for-stm32.12.3.rel1.win32_1.0.100.202403111256/tools/bin/../lib/gcc/arm-none-eabi/12.3.1/thumb/v7-m/nofp/crtbegin.o
 .text          0x08000150      0x378 C:/ST/STM32CubeIDE_1.15.1/STM32CubeIDE/plugins/com.st.stm32cube.ide.mcu.externaltools.gnu-tools-for-stm32.12.3.rel1.win32_1.0.100.202403111256/tools/bin/../lib/gcc/arm-none-eabi/12.3.1/thumb/v7-m/nofp\libgcc.a(_arm_addsubdf3.o)
                0x08000150                __aeabi_drsub
                0x08000158                __aeabi_dsub
                0x08000158                __subdf3
                0x0800015c                __aeabi_dadd
                0x0800015c                __adddf3
                0x080003d4                __floatunsidf
                0x080003d4                __aeabi_ui2d
                0x080003f4                __floatsidf
                0x080003f4                __aeabi_i2d
                0x08000418                __aeabi_f2d
                0x08000418                __extendsfdf2
                0x0800045c                __floatundidf
                0x0800045c                __aeabi_ul2d
                0x0800046c                __floatdidf
                0x0800046c                __aeabi_l2d
 .text          0x080004c8      0x424 C:/ST/STM32CubeIDE_1.15.1/STM32CubeIDE/plugins/com.st.stm32cube.ide.mcu.externaltools.gnu-tools-for-stm32.12.3.rel1.win32_1.0.100.202403111256/tools/bin/../lib/gcc/arm-none-eabi/12.3.1/thumb/v7-m/nofp\libgcc.a(_arm_muldivdf3.o)
                0x080004c8                __aeabi_dmul
                0x080004c8                __muldf3
                0x0800071c                __divdf3
                0x0800071c                __aeabi_ddiv
 .text          0x080008ec      0x110 C:/ST/STM32CubeIDE_1.15.1/STM32CubeIDE/plugins/com.st.stm32cube.ide.mcu.externaltools.gnu-tools-for-stm32.12.3.rel1.win32_1.0.100.202403111256/tools/bin/../lib/gcc/arm-none-eabi/12.3.1/thumb/v7-m/nofp\libgcc.a(_arm_cmpdf2.o)
                0x080008ec                __gtdf2
                0x080008ec                __gedf2
                0x080008f4                __ltdf2
                0x080008f4                __ledf2
                0x080008fc                __nedf2
                0x080008fc                __eqdf2
                0x080008fc                __cmpdf2
                0x08000978                __aeabi_cdrcmple
                0x08000988                __aeabi_cdcmpeq
                0x08000988                __aeabi_cdcmple
                0x08000998                __aeabi_dcmpeq
                0x080009ac                __aeabi_dcmplt
                0x080009c0                __aeabi_dcmple
                0x080009d4                __aeabi_dcmpge
                0x080009e8                __aeabi_dcmpgt
 .text          0x080009fc       0x2c C:/ST/STM32CubeIDE_1.15.1/STM32CubeIDE/plugins/com.st.stm32cube.ide.mcu.externaltools.gnu-tools-for-stm32.12.3.rel1.win32_1.0.100.202403111256/tools/bin/../lib/gcc/arm-none-eabi/12.3.1/thumb/v7-m/nofp\libgcc.a(_arm_unorddf2.o)
                0x080009fc                __unorddf2
                0x080009fc                __aeabi_dcmpun
 .text          0x08000a28       0x40 C:/ST/STM32CubeIDE_1.15.1/STM32CubeIDE/plugins/com.st.stm32cube.ide.mcu.externaltools.gnu-tools-for-stm32.12.3.rel1.win32_1.0.100.202403111256/tools/bin/../lib/gcc/arm-none-eabi/12.3.1/thumb/v7-m/nofp\libgcc.a(_arm_fixunsdfsi.o)
                0x08000a28                __aeabi_d2uiz
                0x08000a28                __fixunsdfsi
 .text          0x08000a68       0xa0 C:/ST/STM32CubeIDE_1.15.1/STM32CubeIDE/plugins/com.st.stm32cube.ide.mcu.externaltools.gnu-tools-for-stm32.12.3.rel1.win32_1.0.100.202403111256/tools/bin/../lib/gcc/arm-none-eabi/12.3.1/thumb/v7-m/nofp\libgcc.a(_arm_truncdfsf2.o)
                0x08000a68                __truncdfsf2
                0x08000a68                __aeabi_d2f
 .text          0x08000b08      0x21c C:/ST/STM32CubeIDE_1.15.1/STM32CubeIDE/plugins/com.st.stm32cube.ide.mcu.externaltools.gnu-tools-for-stm32.12.3.rel1.win32_1.0.100.202403111256/tools/bin/../lib/gcc/arm-none-eabi/12.3.1/thumb/v7-m/nofp\libgcc.a(_arm_addsubsf3.o)
                0x08000b08                __aeabi_frsub
                0x08000b10                __subsf3
                0x08000b10                __aeabi_fsub
                0x08000b14                __aeabi_fadd
                0x08000b14                __addsf3
                0x08000c74                __aeabi_ui2f
                0x08000c74                __floatunsisf
                0x08000c7c                __aeabi_i2f
                0x08000c7c                __floatsisf
                0x08000c98                __aeabi_ul2f
                0x08000c98                __floatundisf
                0x08000ca8                __aeabi_l2f
                0x08000ca8                __floatdisf
 .text          0x08000d24      0x2a0 C:/ST/STM32CubeIDE_1.15.1/STM32CubeIDE/plugins/com.st.stm32cube.ide.mcu.externaltools.gnu-tools-for-stm32.12.3.rel1.win32_1.0.100.202403111256/tools/bin/../lib/gcc/arm-none-eabi/12.3.1/thumb/v7-m/nofp\libgcc.a(_arm_muldivsf3.o)
                0x08000d24                __mulsf3
                0x08000d24                __aeabi_fmul
                0x08000e8c                __aeabi_fdiv
                0x08000e8c                __divsf3
 .text          0x08000fc4       0xec C:/ST/STM32CubeIDE_1.15.1/STM32CubeIDE/plugins/com.st.stm32cube.ide.mcu.externaltools.gnu-tools-for-stm32.12.3.rel1.win32_1.0.100.202403111256/tools/bin/../lib/gcc/arm-none-eabi/12.3.1/thumb/v7-m/nofp\libgcc.a(_arm_cmpsf2.o)
                0x08000fc4                __gesf2
                0x08000fc4                __gtsf2
                0x08000fcc                __lesf2
                0x08000fcc                __ltsf2
                0x08000fd4                __nesf2
                0x08000fd4                __eqsf2
                0x08000fd4                __cmpsf2
                0x08001034                __aeabi_cfrcmple
                0x0800103c                __aeabi_cfcmpeq
                0x0800103c                __aeabi_cfcmple
                0x0800104c                __aeabi_fcmpeq
                0x08001060                __aeabi_fcmplt
                0x08001074                __aeabi_fcmple
                0x08001088                __aeabi_fcmpge
                0x0800109c                __aeabi_fcmpgt
 .text          0x080010b0       0x40 C:/ST/STM32CubeIDE_1.15.1/STM32CubeIDE/plugins/com.st.stm32cube.ide.mcu.externaltools.gnu-tools-for-stm32.12.3.rel1.win32_1.0.100.202403111256/tools/bin/../lib/gcc/arm-none-eabi/12.3.1/thumb/v7-m/nofp\libgcc.a(_arm_fixunssfsi.o)
                0x080010b0                __fixunssfsi
                0x080010b0                __aeabi_f2uiz
 *(.text*)
 .text.Fullpower_session
                0x080010f0      0x238 ./App/FP_session.o
                0x080010f0                Fullpower_session
 .text.Sleep_session
                0x08001328        0x8 ./App/Sleep_session.o
                0x08001328                Sleep_session
 .text.mainApp  0x08001330      0x110 ./App/mainApp.o
                0x08001330                mainApp
 .text.Event_SendMessage
                0x08001440       0x34 ./App/mainApp.o
                0x08001440                Event_SendMessage
 .text.uart_readbyte
                0x08001474       0x24 ./App/mainApp.o
                0x08001474                uart_readbyte
 .text.HAL_RTCEx_RTCEventCallback
                0x08001498       0xb8 ./App/mainApp.o
                0x08001498                HAL_RTCEx_RTCEventCallback
 .text.HAL_TIM_PeriodElapsedCallback
                0x08001550       0xd4 ./App/mainApp.o
                0x08001550                HAL_TIM_PeriodElapsedCallback
 .text.RTC_enable_int
                0x08001624       0x20 ./App/mainApp.o
                0x08001624                RTC_enable_int
 .text.main     0x08001644       0x32 ./Core/Src/main.o
                0x08001644                main
 .text.SystemClock_Config
                0x08001676       0xb6 ./Core/Src/main.o
                0x08001676                SystemClock_Config
 .text.MX_ADC1_Init
                0x0800172c       0x60 ./Core/Src/main.o
 .text.MX_RTC_Init
                0x0800178c       0x38 ./Core/Src/main.o
 .text.MX_TIM1_Init
                0x080017c4       0xa0 ./Core/Src/main.o
 .text.MX_TIM2_Init
                0x08001864       0x98 ./Core/Src/main.o
 .text.MX_TIM3_Init
                0x080018fc       0x9c ./Core/Src/main.o
 .text.MX_GPIO_Init
                0x08001998       0x68 ./Core/Src/main.o
 .text.Error_Handler
                0x08001a00        0xc ./Core/Src/main.o
                0x08001a00                Error_Handler
 .text.HAL_MspInit
                0x08001a0c       0x64 ./Core/Src/stm32f1xx_hal_msp.o
                0x08001a0c                HAL_MspInit
 .text.HAL_ADC_MspInit
                0x08001a70       0x78 ./Core/Src/stm32f1xx_hal_msp.o
                0x08001a70                HAL_ADC_MspInit
 .text.HAL_RTC_MspInit
                0x08001ae8       0x58 ./Core/Src/stm32f1xx_hal_msp.o
                0x08001ae8                HAL_RTC_MspInit
 .text.HAL_TIM_Base_MspInit
                0x08001b40       0xb8 ./Core/Src/stm32f1xx_hal_msp.o
                0x08001b40                HAL_TIM_Base_MspInit
 .text.NMI_Handler
                0x08001bf8        0x8 ./Core/Src/stm32f1xx_it.o
                0x08001bf8                NMI_Handler
 .text.HardFault_Handler
                0x08001c00        0x8 ./Core/Src/stm32f1xx_it.o
                0x08001c00                HardFault_Handler
 .text.MemManage_Handler
                0x08001c08        0x8 ./Core/Src/stm32f1xx_it.o
                0x08001c08                MemManage_Handler
 .text.BusFault_Handler
                0x08001c10        0x8 ./Core/Src/stm32f1xx_it.o
                0x08001c10                BusFault_Handler
 .text.UsageFault_Handler
                0x08001c18        0x8 ./Core/Src/stm32f1xx_it.o
                0x08001c18                UsageFault_Handler
 .text.SVC_Handler
                0x08001c20        0xc ./Core/Src/stm32f1xx_it.o
                0x08001c20                SVC_Handler
 .text.DebugMon_Handler
                0x08001c2c        0xc ./Core/Src/stm32f1xx_it.o
                0x08001c2c                DebugMon_Handler
 .text.PendSV_Handler
                0x08001c38        0xc ./Core/Src/stm32f1xx_it.o
                0x08001c38                PendSV_Handler
 .text.SysTick_Handler
                0x08001c44        0xc ./Core/Src/stm32f1xx_it.o
                0x08001c44                SysTick_Handler
 .text.RTC_IRQHandler
                0x08001c50       0x14 ./Core/Src/stm32f1xx_it.o
                0x08001c50                RTC_IRQHandler
 .text.TIM1_UP_IRQHandler
                0x08001c64       0x14 ./Core/Src/stm32f1xx_it.o
                0x08001c64                TIM1_UP_IRQHandler
 .text.TIM2_IRQHandler
                0x08001c78       0x14 ./Core/Src/stm32f1xx_it.o
                0x08001c78                TIM2_IRQHandler
 .text.TIM3_IRQHandler
                0x08001c8c       0x14 ./Core/Src/stm32f1xx_it.o
                0x08001c8c                TIM3_IRQHandler
 .text._sbrk    0x08001ca0       0x6c ./Core/Src/sysmem.o
                0x08001ca0                _sbrk
 .text.SystemInit
                0x08001d0c        0xc ./Core/Src/system_stm32f1xx.o
                0x08001d0c                SystemInit
 .text.Reset_Handler
                0x08001d18       0x48 ./Core/Startup/startup_stm32f103c8tx.o
                0x08001d18                Reset_Handler
 .text.Default_Handler
                0x08001d60        0x2 ./Core/Startup/startup_stm32f103c8tx.o
                0x08001d60                RTC_Alarm_IRQHandler
                0x08001d60                EXTI2_IRQHandler
                0x08001d60                TIM1_CC_IRQHandler
                0x08001d60                PVD_IRQHandler
                0x08001d60                EXTI3_IRQHandler
                0x08001d60                EXTI0_IRQHandler
                0x08001d60                I2C2_EV_IRQHandler
                0x08001d60                ADC1_2_IRQHandler
                0x08001d60                SPI1_IRQHandler
                0x08001d60                TAMPER_IRQHandler
                0x08001d60                DMA1_Channel4_IRQHandler
                0x08001d60                DMA1_Channel7_IRQHandler
                0x08001d60                CAN1_RX1_IRQHandler
                0x08001d60                TIM4_IRQHandler
                0x08001d60                I2C1_EV_IRQHandler
                0x08001d60                DMA1_Channel6_IRQHandler
                0x08001d60                RCC_IRQHandler
                0x08001d60                TIM1_TRG_COM_IRQHandler
                0x08001d60                DMA1_Channel1_IRQHandler
                0x08001d60                Default_Handler
                0x08001d60                EXTI15_10_IRQHandler
                0x08001d60                EXTI9_5_IRQHandler
                0x08001d60                SPI2_IRQHandler
                0x08001d60                DMA1_Channel5_IRQHandler
                0x08001d60                EXTI4_IRQHandler
                0x08001d60                USB_LP_CAN1_RX0_IRQHandler
                0x08001d60                USB_HP_CAN1_TX_IRQHandler
                0x08001d60                DMA1_Channel3_IRQHandler
                0x08001d60                WWDG_IRQHandler
                0x08001d60                TIM1_BRK_IRQHandler
                0x08001d60                EXTI1_IRQHandler
                0x08001d60                I2C2_ER_IRQHandler
                0x08001d60                DMA1_Channel2_IRQHandler
                0x08001d60                CAN1_SCE_IRQHandler
                0x08001d60                FLASH_IRQHandler
                0x08001d60                I2C1_ER_IRQHandler
                0x08001d60                USBWakeUp_IRQHandler
 *fill*         0x08001d62        0x2 
 .text.HAL_Init
                0x08001d64       0x2c ./Drivers/STM32F1xx_HAL_Driver/Src/stm32f1xx_hal.o
                0x08001d64                HAL_Init
 .text.HAL_InitTick
                0x08001d90       0x60 ./Drivers/STM32F1xx_HAL_Driver/Src/stm32f1xx_hal.o
                0x08001d90                HAL_InitTick
 .text.HAL_IncTick
                0x08001df0       0x24 ./Drivers/STM32F1xx_HAL_Driver/Src/stm32f1xx_hal.o
                0x08001df0                HAL_IncTick
 .text.HAL_GetTick
                0x08001e14       0x14 ./Drivers/STM32F1xx_HAL_Driver/Src/stm32f1xx_hal.o
                0x08001e14                HAL_GetTick
 .text.HAL_Delay
                0x08001e28       0x48 ./Drivers/STM32F1xx_HAL_Driver/Src/stm32f1xx_hal.o
                0x08001e28                HAL_Delay
 .text.HAL_ADC_Init
                0x08001e70      0x1b0 ./Drivers/STM32F1xx_HAL_Driver/Src/stm32f1xx_hal_adc.o
                0x08001e70                HAL_ADC_Init
 .text.HAL_ADC_Start
                0x08002020      0x15c ./Drivers/STM32F1xx_HAL_Driver/Src/stm32f1xx_hal_adc.o
                0x08002020                HAL_ADC_Start
 .text.HAL_ADC_Stop
                0x0800217c       0x58 ./Drivers/STM32F1xx_HAL_Driver/Src/stm32f1xx_hal_adc.o
                0x0800217c                HAL_ADC_Stop
 .text.HAL_ADC_PollForConversion
                0x080021d4      0x20c ./Drivers/STM32F1xx_HAL_Driver/Src/stm32f1xx_hal_adc.o
                0x080021d4                HAL_ADC_PollForConversion
 .text.HAL_ADC_GetValue
                0x080023e0       0x18 ./Drivers/STM32F1xx_HAL_Driver/Src/stm32f1xx_hal_adc.o
                0x080023e0                HAL_ADC_GetValue
 .text.HAL_ADC_ConfigChannel
                0x080023f8      0x1f0 ./Drivers/STM32F1xx_HAL_Driver/Src/stm32f1xx_hal_adc.o
                0x080023f8                HAL_ADC_ConfigChannel
 .text.ADC_Enable
                0x080025e8       0xb4 ./Drivers/STM32F1xx_HAL_Driver/Src/stm32f1xx_hal_adc.o
                0x080025e8                ADC_Enable
 .text.ADC_ConversionStop_Disable
                0x0800269c       0x82 ./Drivers/STM32F1xx_HAL_Driver/Src/stm32f1xx_hal_adc.o
                0x0800269c                ADC_ConversionStop_Disable
 *fill*         0x0800271e        0x2 
 .text.__NVIC_SetPriorityGrouping
                0x08002720       0x48 ./Drivers/STM32F1xx_HAL_Driver/Src/stm32f1xx_hal_cortex.o
 .text.__NVIC_GetPriorityGrouping
                0x08002768       0x1c ./Drivers/STM32F1xx_HAL_Driver/Src/stm32f1xx_hal_cortex.o
 .text.__NVIC_EnableIRQ
                0x08002784       0x38 ./Drivers/STM32F1xx_HAL_Driver/Src/stm32f1xx_hal_cortex.o
 .text.__NVIC_SetPriority
                0x080027bc       0x54 ./Drivers/STM32F1xx_HAL_Driver/Src/stm32f1xx_hal_cortex.o
 .text.NVIC_EncodePriority
                0x08002810       0x64 ./Drivers/STM32F1xx_HAL_Driver/Src/stm32f1xx_hal_cortex.o
 .text.SysTick_Config
                0x08002874       0x44 ./Drivers/STM32F1xx_HAL_Driver/Src/stm32f1xx_hal_cortex.o
 .text.HAL_NVIC_SetPriorityGrouping
                0x080028b8       0x16 ./Drivers/STM32F1xx_HAL_Driver/Src/stm32f1xx_hal_cortex.o
                0x080028b8                HAL_NVIC_SetPriorityGrouping
 .text.HAL_NVIC_SetPriority
                0x080028ce       0x38 ./Drivers/STM32F1xx_HAL_Driver/Src/stm32f1xx_hal_cortex.o
                0x080028ce                HAL_NVIC_SetPriority
 .text.HAL_NVIC_EnableIRQ
                0x08002906       0x1c ./Drivers/STM32F1xx_HAL_Driver/Src/stm32f1xx_hal_cortex.o
                0x08002906                HAL_NVIC_EnableIRQ
 .text.HAL_SYSTICK_Config
                0x08002922       0x18 ./Drivers/STM32F1xx_HAL_Driver/Src/stm32f1xx_hal_cortex.o
                0x08002922                HAL_SYSTICK_Config
 *fill*         0x0800293a        0x2 
 .text.HAL_GPIO_Init
                0x0800293c      0x308 ./Drivers/STM32F1xx_HAL_Driver/Src/stm32f1xx_hal_gpio.o
                0x0800293c                HAL_GPIO_Init
 .text.HAL_GPIO_ReadPin
                0x08002c44       0x2e ./Drivers/STM32F1xx_HAL_Driver/Src/stm32f1xx_hal_gpio.o
                0x08002c44                HAL_GPIO_ReadPin
 .text.HAL_GPIO_WritePin
                0x08002c72       0x30 ./Drivers/STM32F1xx_HAL_Driver/Src/stm32f1xx_hal_gpio.o
                0x08002c72                HAL_GPIO_WritePin
 *fill*         0x08002ca2        0x2 
 .text.HAL_PWR_EnableBkUpAccess
                0x08002ca4       0x18 ./Drivers/STM32F1xx_HAL_Driver/Src/stm32f1xx_hal_pwr.o
                0x08002ca4                HAL_PWR_EnableBkUpAccess
 .text.HAL_RCC_OscConfig
                0x08002cbc      0x504 ./Drivers/STM32F1xx_HAL_Driver/Src/stm32f1xx_hal_rcc.o
                0x08002cbc                HAL_RCC_OscConfig
 .text.HAL_RCC_ClockConfig
                0x080031c0      0x1d4 ./Drivers/STM32F1xx_HAL_Driver/Src/stm32f1xx_hal_rcc.o
                0x080031c0                HAL_RCC_ClockConfig
 .text.HAL_RCC_GetSysClockFreq
                0x08003394       0xa8 ./Drivers/STM32F1xx_HAL_Driver/Src/stm32f1xx_hal_rcc.o
                0x08003394                HAL_RCC_GetSysClockFreq
 .text.HAL_RCC_GetHCLKFreq
                0x0800343c       0x14 ./Drivers/STM32F1xx_HAL_Driver/Src/stm32f1xx_hal_rcc.o
                0x0800343c                HAL_RCC_GetHCLKFreq
 .text.HAL_RCC_GetPCLK2Freq
                0x08003450       0x28 ./Drivers/STM32F1xx_HAL_Driver/Src/stm32f1xx_hal_rcc.o
                0x08003450                HAL_RCC_GetPCLK2Freq
 .text.RCC_Delay
                0x08003478       0x3c ./Drivers/STM32F1xx_HAL_Driver/Src/stm32f1xx_hal_rcc.o
 .text.HAL_RCCEx_PeriphCLKConfig
                0x080034b4      0x16c ./Drivers/STM32F1xx_HAL_Driver/Src/stm32f1xx_hal_rcc_ex.o
                0x080034b4                HAL_RCCEx_PeriphCLKConfig
 .text.HAL_RCCEx_GetPeriphCLKFreq
                0x08003620      0x16c ./Drivers/STM32F1xx_HAL_Driver/Src/stm32f1xx_hal_rcc_ex.o
                0x08003620                HAL_RCCEx_GetPeriphCLKFreq
 .text.HAL_RTC_Init
                0x0800378c      0x118 ./Drivers/STM32F1xx_HAL_Driver/Src/stm32f1xx_hal_rtc.o
                0x0800378c                HAL_RTC_Init
 .text.HAL_RTC_WaitForSynchro
                0x080038a4       0x5a ./Drivers/STM32F1xx_HAL_Driver/Src/stm32f1xx_hal_rtc.o
                0x080038a4                HAL_RTC_WaitForSynchro
 .text.RTC_EnterInitMode
                0x080038fe       0x50 ./Drivers/STM32F1xx_HAL_Driver/Src/stm32f1xx_hal_rtc.o
 .text.RTC_ExitInitMode
                0x0800394e       0x50 ./Drivers/STM32F1xx_HAL_Driver/Src/stm32f1xx_hal_rtc.o
 .text.HAL_RTCEx_RTCIRQHandler
                0x0800399e       0x6e ./Drivers/STM32F1xx_HAL_Driver/Src/stm32f1xx_hal_rtc_ex.o
                0x0800399e                HAL_RTCEx_RTCIRQHandler
 .text.HAL_RTCEx_RTCEventErrorCallback
                0x08003a0c       0x12 ./Drivers/STM32F1xx_HAL_Driver/Src/stm32f1xx_hal_rtc_ex.o
                0x08003a0c                HAL_RTCEx_RTCEventErrorCallback
 .text.HAL_TIM_Base_Init
                0x08003a1e       0x9e ./Drivers/STM32F1xx_HAL_Driver/Src/stm32f1xx_hal_tim.o
                0x08003a1e                HAL_TIM_Base_Init
 .text.HAL_TIM_Base_Start_IT
                0x08003abc       0xa4 ./Drivers/STM32F1xx_HAL_Driver/Src/stm32f1xx_hal_tim.o
                0x08003abc                HAL_TIM_Base_Start_IT
 .text.HAL_TIM_IRQHandler
                0x08003b60      0x210 ./Drivers/STM32F1xx_HAL_Driver/Src/stm32f1xx_hal_tim.o
                0x08003b60                HAL_TIM_IRQHandler
 .text.HAL_TIM_ConfigClockSource
                0x08003d70      0x18e ./Drivers/STM32F1xx_HAL_Driver/Src/stm32f1xx_hal_tim.o
                0x08003d70                HAL_TIM_ConfigClockSource
 .text.HAL_TIM_OC_DelayElapsedCallback
                0x08003efe       0x12 ./Drivers/STM32F1xx_HAL_Driver/Src/stm32f1xx_hal_tim.o
                0x08003efe                HAL_TIM_OC_DelayElapsedCallback
 .text.HAL_TIM_IC_CaptureCallback
                0x08003f10       0x12 ./Drivers/STM32F1xx_HAL_Driver/Src/stm32f1xx_hal_tim.o
                0x08003f10                HAL_TIM_IC_CaptureCallback
 .text.HAL_TIM_PWM_PulseFinishedCallback
                0x08003f22       0x12 ./Drivers/STM32F1xx_HAL_Driver/Src/stm32f1xx_hal_tim.o
                0x08003f22                HAL_TIM_PWM_PulseFinishedCallback
 .text.HAL_TIM_TriggerCallback
                0x08003f34       0x12 ./Drivers/STM32F1xx_HAL_Driver/Src/stm32f1xx_hal_tim.o
                0x08003f34                HAL_TIM_TriggerCallback
 *fill*         0x08003f46        0x2 
 .text.TIM_Base_SetConfig
                0x08003f48       0xc4 ./Drivers/STM32F1xx_HAL_Driver/Src/stm32f1xx_hal_tim.o
                0x08003f48                TIM_Base_SetConfig
 .text.TIM_TI1_ConfigInputStage
                0x0800400c       0x5c ./Drivers/STM32F1xx_HAL_Driver/Src/stm32f1xx_hal_tim.o
 .text.TIM_TI2_ConfigInputStage
                0x08004068       0x5e ./Drivers/STM32F1xx_HAL_Driver/Src/stm32f1xx_hal_tim.o
 .text.TIM_ITRx_SetConfig
                0x080040c6       0x34 ./Drivers/STM32F1xx_HAL_Driver/Src/stm32f1xx_hal_tim.o
 .text.TIM_ETR_SetConfig
                0x080040fa       0x3e ./Drivers/STM32F1xx_HAL_Driver/Src/stm32f1xx_hal_tim.o
                0x080040fa                TIM_ETR_SetConfig
 .text.HAL_TIMEx_MasterConfigSynchronization
                0x08004138       0xbc ./Drivers/STM32F1xx_HAL_Driver/Src/stm32f1xx_hal_tim_ex.o
                0x08004138                HAL_TIMEx_MasterConfigSynchronization
 .text.HAL_TIMEx_CommutCallback
                0x080041f4       0x12 ./Drivers/STM32F1xx_HAL_Driver/Src/stm32f1xx_hal_tim_ex.o
                0x080041f4                HAL_TIMEx_CommutCallback
 .text.HAL_TIMEx_BreakCallback
                0x08004206       0x12 ./Drivers/STM32F1xx_HAL_Driver/Src/stm32f1xx_hal_tim_ex.o
                0x08004206                HAL_TIMEx_BreakCallback
 .text.newBuffer
                0x08004218       0x32 ./middlelayers/buffer/buffer.o
                0x08004218                newBuffer
 .text.Buffer_AddData
                0x0800424a      0x10a ./middlelayers/buffer/buffer.o
                0x0800424a                Buffer_AddData
 .text.Buffer_AppendData
                0x08004354       0xb6 ./middlelayers/buffer/buffer.o
                0x08004354                Buffer_AppendData
 .text.array_equal
                0x0800440a       0x66 ./middlelayers/buffer/buffer.o
                0x0800440a                array_equal
 .text.Buffer_SearchData
                0x08004470       0x5c ./middlelayers/buffer/buffer.o
                0x08004470                Buffer_SearchData
 .text.Buffer_DeleteData
                0x080044cc       0xd2 ./middlelayers/buffer/buffer.o
                0x080044cc                Buffer_DeleteData
 .text.Buffer_CountData
                0x0800459e       0x30 ./middlelayers/buffer/buffer.o
                0x0800459e                Buffer_CountData
 .text.Buffer_Dispose
                0x080045ce       0x3c ./middlelayers/buffer/buffer.o
                0x080045ce                Buffer_Dispose
 .text.Buffer_SlipEnc
                0x0800460a      0x100 ./middlelayers/buffer/buffer.o
                0x0800460a                Buffer_SlipEnc
 .text.Buffer_SlipDec
                0x0800470a      0x10e ./middlelayers/buffer/buffer.o
                0x0800470a                Buffer_SlipDec
 .text.Ring_CountByte
                0x08004818       0x5e ./middlelayers/buffer/buffer.o
                0x08004818                Ring_CountByte
 .text.Ring_CountBytePos
                0x08004876       0x76 ./middlelayers/buffer/buffer.o
                0x08004876                Ring_CountBytePos
 .text.Ring_DeleteData
                0x080048ec       0x9c ./middlelayers/buffer/buffer.o
                0x080048ec                Ring_DeleteData
 .text.Ring_PushData
                0x08004988       0xbe ./middlelayers/buffer/buffer.o
                0x08004988                Ring_PushData
 .text.Ring_PullData
                0x08004a46       0x88 ./middlelayers/buffer/buffer.o
                0x08004a46                Ring_PullData
 .text.Ring_FindByte
                0x08004ace       0x8a ./middlelayers/buffer/buffer.o
                0x08004ace                Ring_FindByte
 .text.Ring_GetData
                0x08004b58       0xbc ./middlelayers/buffer/buffer.o
                0x08004b58                Ring_GetData
 .text.newRing  0x08004c14       0x42 ./middlelayers/buffer/buffer.o
                0x08004c14                newRing
 .text.Fifo_AddData
                0x08004c56       0xf4 ./middlelayers/buffer/buffer.o
                0x08004c56                Fifo_AddData
 .text.Fifo_GetSizeData
                0x08004d4a       0x28 ./middlelayers/buffer/buffer.o
                0x08004d4a                Fifo_GetSizeData
 .text.Fifo_GetData
                0x08004d72       0x94 ./middlelayers/buffer/buffer.o
                0x08004d72                Fifo_GetData
 .text.Fifo_CountData
                0x08004e06       0x32 ./middlelayers/buffer/buffer.o
                0x08004e06                Fifo_CountData
 .text.Fifo_Dispose
                0x08004e38       0x6e ./middlelayers/buffer/buffer.o
                0x08004e38                Fifo_Dispose
 .text.newFifo  0x08004ea6       0x2a ./middlelayers/buffer/buffer.o
                0x08004ea6                newFifo
 .text.newRouter
                0x08004ed0       0x96 ./middlelayers/buffer/router.o
                0x08004ed0                newRouter
 .text.Router_SlipConfig
                0x08004f66       0x1c ./middlelayers/buffer/router.o
                0x08004f66                Router_SlipConfig
 .text.Router_PushMessageTx
                0x08004f82       0xa2 ./middlelayers/buffer/router.o
                0x08004f82                Router_PushMessageTx
 .text.Router_PushMessageRx
                0x08005024       0x26 ./middlelayers/buffer/router.o
                0x08005024                Router_PushMessageRx
 .text.Router_PullMessageTx
                0x0800504a       0x24 ./middlelayers/buffer/router.o
                0x0800504a                Router_PullMessageTx
 .text.Router_PullMessageRx
                0x0800506e       0x58 ./middlelayers/buffer/router.o
                0x0800506e                Router_PullMessageRx
 *fill*         0x080050c6        0x2 
 .text.Router_MessageHandler
                0x080050c8      0x258 ./middlelayers/buffer/router.o
                0x080050c8                Router_MessageHandler
 .text.Crc8_CcitUpdate
                0x08005320       0x54 ./middlelayers/crc/crc.o
 .text.Crc8_CalCcit
                0x08005374       0x46 ./middlelayers/crc/crc.o
                0x08005374                Crc8_CalCcit
 *fill*         0x080053ba        0x2 
 .text.DHT22_init
                0x080053bc       0x5c ./middlelayers/device/DHT22/DHT22.o
                0x080053bc                DHT22_init
 .text.DHT22_resetTimer
                0x08005418       0x1e ./middlelayers/device/DHT22/DHT22.o
                0x08005418                DHT22_resetTimer
 *fill*         0x08005436        0x2 
 .text.DHT22_readSensor
                0x08005438      0x1f0 ./middlelayers/device/DHT22/DHT22.o
                0x08005438                DHT22_readSensor
 .text.DHT22_getTemperature
                0x08005628       0x28 ./middlelayers/device/DHT22/DHT22.o
                0x08005628                DHT22_getTemperature
 .text.DHT22_getHumidity
                0x08005650       0x28 ./middlelayers/device/DHT22/DHT22.o
                0x08005650                DHT22_getHumidity
 .text.MQ135_init
                0x08005678       0x22 ./middlelayers/device/MQ135/MQ135.o
                0x08005678                MQ135_init
 *fill*         0x0800569a        0x6 
 .text.MQ135_getCorrectionFactor
                0x080056a0      0x160 ./middlelayers/device/MQ135/MQ135.o
                0x080056a0                MQ135_getCorrectionFactor
 .text.MQ135_getResistance
                0x08005800       0xe4 ./middlelayers/device/MQ135/MQ135.o
                0x08005800                MQ135_getResistance
 .text.MQ135_getCorrectedResistance
                0x080058e4       0x32 ./middlelayers/device/MQ135/MQ135.o
                0x080058e4                MQ135_getCorrectedResistance
 *fill*         0x08005916        0x2 
 .text.MQ135_getCorrectedCO2PPM
                0x08005918       0x80 ./middlelayers/device/MQ135/MQ135.o
                0x08005918                MQ135_getCorrectedCO2PPM
 .text.MQ135_getRatio
                0x08005998       0x5c ./middlelayers/device/MQ135/MQ135.o
                0x08005998                MQ135_getRatio
 *fill*         0x080059f4        0x4 
 .text.MQ135_getCOPPM
                0x080059f8       0x74 ./middlelayers/device/MQ135/MQ135.o
                0x080059f8                MQ135_getCOPPM
 .text.PM25_init
                0x08005a6c       0x78 ./middlelayers/device/PM25/PM25.o
                0x08005a6c                PM25_init
 *fill*         0x08005ae4        0x4 
 .text.PM25_calc
                0x08005ae8      0x148 ./middlelayers/device/PM25/PM25.o
                0x08005ae8                PM25_calc
 .text.PM25_getDustDensity
                0x08005c30       0x1a ./middlelayers/device/PM25/PM25.o
                0x08005c30                PM25_getDustDensity
 .text.newLcp   0x08005c4a      0x108 ./middlelayers/lo_ptc/lo_ptc.o
                0x08005c4a                newLcp
 .text.Lcp_pushMessage
                0x08005d52       0x24 ./middlelayers/lo_ptc/lo_ptc.o
                0x08005d52                Lcp_pushMessage
 .text.Lcp_pullMessage
                0x08005d76       0x24 ./middlelayers/lo_ptc/lo_ptc.o
                0x08005d76                Lcp_pullMessage
 .text.Lcp_pullMessageSend
                0x08005d9a       0x24 ./middlelayers/lo_ptc/lo_ptc.o
                0x08005d9a                Lcp_pullMessageSend
 .text.Lcp_countData
                0x08005dbe       0x1c ./middlelayers/lo_ptc/lo_ptc.o
                0x08005dbe                Lcp_countData
 .text.Lcp_Connect
                0x08005dda       0xc6 ./middlelayers/lo_ptc/lo_ptc.o
                0x08005dda                Lcp_Connect
 .text.Lcp_disconnect
                0x08005ea0       0x46 ./middlelayers/lo_ptc/lo_ptc.o
                0x08005ea0                Lcp_disconnect
 .text.Lcp_Runtime
                0x08005ee6       0x4a ./middlelayers/lo_ptc/lo_ptc.o
                0x08005ee6                Lcp_Runtime
 .text.Lcp_nProcess
                0x08005f30      0x3c0 ./middlelayers/lo_ptc/lo_ptc.o
                0x08005f30                Lcp_nProcess
 .text.Lcp_EventSendMessage
                0x080062f0       0x1a ./middlelayers/lo_ptc/lo_ptc.o
                0x080062f0                Lcp_EventSendMessage
 *fill*         0x0800630a        0x2 
 .text.uart_init
                0x0800630c      0x1b0 ./modules/uart/user_uart.o
                0x0800630c                uart_init
 .text.uart_WriteData
                0x080064bc       0x9c ./modules/uart/user_uart.o
                0x080064bc                uart_WriteData
 .text.uart_recive_add_callback
                0x08006558       0x1c ./modules/uart/user_uart.o
                0x08006558                uart_recive_add_callback
 .text.uart_writebyte
                0x08006574       0x44 ./modules/uart/user_uart.o
                0x08006574                uart_writebyte
 .text.uart_portInit
                0x080065b8      0x17c ./modules/uart/user_uart.o
                0x080065b8                uart_portInit
 .text.USART1_IRQHandler
                0x08006734       0x84 ./modules/uart/user_uart.o
                0x08006734                USART1_IRQHandler
 .text.USART2_IRQHandler
                0x080067b8       0x84 ./modules/uart/user_uart.o
                0x080067b8                USART2_IRQHandler
 .text.USART3_IRQHandler
                0x0800683c       0x84 ./modules/uart/user_uart.o
                0x0800683c                USART3_IRQHandler
 .text.malloc   0x080068c0       0x10 C:/ST/STM32CubeIDE_1.15.1/STM32CubeIDE/plugins/com.st.stm32cube.ide.mcu.externaltools.gnu-tools-for-stm32.12.3.rel1.win32_1.0.100.202403111256/tools/bin/../lib/gcc/arm-none-eabi/12.3.1/../../../../arm-none-eabi/lib/thumb/v7-m/nofp\libc_nano.a(libc_a-malloc.o)
                0x080068c0                malloc
 .text.free     0x080068d0       0x10 C:/ST/STM32CubeIDE_1.15.1/STM32CubeIDE/plugins/com.st.stm32cube.ide.mcu.externaltools.gnu-tools-for-stm32.12.3.rel1.win32_1.0.100.202403111256/tools/bin/../lib/gcc/arm-none-eabi/12.3.1/../../../../arm-none-eabi/lib/thumb/v7-m/nofp\libc_nano.a(libc_a-malloc.o)
                0x080068d0                free
 .text.sbrk_aligned
                0x080068e0       0x44 C:/ST/STM32CubeIDE_1.15.1/STM32CubeIDE/plugins/com.st.stm32cube.ide.mcu.externaltools.gnu-tools-for-stm32.12.3.rel1.win32_1.0.100.202403111256/tools/bin/../lib/gcc/arm-none-eabi/12.3.1/../../../../arm-none-eabi/lib/thumb/v7-m/nofp\libc_nano.a(libc_a-mallocr.o)
 .text._malloc_r
                0x08006924      0x100 C:/ST/STM32CubeIDE_1.15.1/STM32CubeIDE/plugins/com.st.stm32cube.ide.mcu.externaltools.gnu-tools-for-stm32.12.3.rel1.win32_1.0.100.202403111256/tools/bin/../lib/gcc/arm-none-eabi/12.3.1/../../../../arm-none-eabi/lib/thumb/v7-m/nofp\libc_nano.a(libc_a-mallocr.o)
                0x08006924                _malloc_r
 .text.__malloc_lock
                0x08006a24        0xc C:/ST/STM32CubeIDE_1.15.1/STM32CubeIDE/plugins/com.st.stm32cube.ide.mcu.externaltools.gnu-tools-for-stm32.12.3.rel1.win32_1.0.100.202403111256/tools/bin/../lib/gcc/arm-none-eabi/12.3.1/../../../../arm-none-eabi/lib/thumb/v7-m/nofp\libc_nano.a(libc_a-mlock.o)
                0x08006a24                __malloc_lock
 .text.__malloc_unlock
                0x08006a30        0xc C:/ST/STM32CubeIDE_1.15.1/STM32CubeIDE/plugins/com.st.stm32cube.ide.mcu.externaltools.gnu-tools-for-stm32.12.3.rel1.win32_1.0.100.202403111256/tools/bin/../lib/gcc/arm-none-eabi/12.3.1/../../../../arm-none-eabi/lib/thumb/v7-m/nofp\libc_nano.a(libc_a-mlock.o)
                0x08006a30                __malloc_unlock
 .text.realloc  0x08006a3c       0x10 C:/ST/STM32CubeIDE_1.15.1/STM32CubeIDE/plugins/com.st.stm32cube.ide.mcu.externaltools.gnu-tools-for-stm32.12.3.rel1.win32_1.0.100.202403111256/tools/bin/../lib/gcc/arm-none-eabi/12.3.1/../../../../arm-none-eabi/lib/thumb/v7-m/nofp\libc_nano.a(libc_a-realloc.o)
                0x08006a3c                realloc
 .text._realloc_r
                0x08006a4c       0x5c C:/ST/STM32CubeIDE_1.15.1/STM32CubeIDE/plugins/com.st.stm32cube.ide.mcu.externaltools.gnu-tools-for-stm32.12.3.rel1.win32_1.0.100.202403111256/tools/bin/../lib/gcc/arm-none-eabi/12.3.1/../../../../arm-none-eabi/lib/thumb/v7-m/nofp\libc_nano.a(libc_a-reallocr.o)
                0x08006a4c                _realloc_r
 .text.memset   0x08006aa8       0x10 C:/ST/STM32CubeIDE_1.15.1/STM32CubeIDE/plugins/com.st.stm32cube.ide.mcu.externaltools.gnu-tools-for-stm32.12.3.rel1.win32_1.0.100.202403111256/tools/bin/../lib/gcc/arm-none-eabi/12.3.1/../../../../arm-none-eabi/lib/thumb/v7-m/nofp\libc_nano.a(libc_a-memset.o)
                0x08006aa8                memset
 .text._sbrk_r  0x08006ab8       0x20 C:/ST/STM32CubeIDE_1.15.1/STM32CubeIDE/plugins/com.st.stm32cube.ide.mcu.externaltools.gnu-tools-for-stm32.12.3.rel1.win32_1.0.100.202403111256/tools/bin/../lib/gcc/arm-none-eabi/12.3.1/../../../../arm-none-eabi/lib/thumb/v7-m/nofp\libc_nano.a(libc_a-sbrkr.o)
                0x08006ab8                _sbrk_r
 .text.__errno  0x08006ad8        0xc C:/ST/STM32CubeIDE_1.15.1/STM32CubeIDE/plugins/com.st.stm32cube.ide.mcu.externaltools.gnu-tools-for-stm32.12.3.rel1.win32_1.0.100.202403111256/tools/bin/../lib/gcc/arm-none-eabi/12.3.1/../../../../arm-none-eabi/lib/thumb/v7-m/nofp\libc_nano.a(libc_a-errno.o)
                0x08006ad8                __errno
 .text.__libc_init_array
                0x08006ae4       0x48 C:/ST/STM32CubeIDE_1.15.1/STM32CubeIDE/plugins/com.st.stm32cube.ide.mcu.externaltools.gnu-tools-for-stm32.12.3.rel1.win32_1.0.100.202403111256/tools/bin/../lib/gcc/arm-none-eabi/12.3.1/../../../../arm-none-eabi/lib/thumb/v7-m/nofp\libc_nano.a(libc_a-init.o)
                0x08006ae4                __libc_init_array
 .text.__retarget_lock_acquire_recursive
                0x08006b2c        0x2 C:/ST/STM32CubeIDE_1.15.1/STM32CubeIDE/plugins/com.st.stm32cube.ide.mcu.externaltools.gnu-tools-for-stm32.12.3.rel1.win32_1.0.100.202403111256/tools/bin/../lib/gcc/arm-none-eabi/12.3.1/../../../../arm-none-eabi/lib/thumb/v7-m/nofp\libc_nano.a(libc_a-lock.o)
                0x08006b2c                __retarget_lock_acquire_recursive
 .text.__retarget_lock_release_recursive
                0x08006b2e        0x2 C:/ST/STM32CubeIDE_1.15.1/STM32CubeIDE/plugins/com.st.stm32cube.ide.mcu.externaltools.gnu-tools-for-stm32.12.3.rel1.win32_1.0.100.202403111256/tools/bin/../lib/gcc/arm-none-eabi/12.3.1/../../../../arm-none-eabi/lib/thumb/v7-m/nofp\libc_nano.a(libc_a-lock.o)
                0x08006b2e                __retarget_lock_release_recursive
 .text.memcpy   0x08006b30       0x1c C:/ST/STM32CubeIDE_1.15.1/STM32CubeIDE/plugins/com.st.stm32cube.ide.mcu.externaltools.gnu-tools-for-stm32.12.3.rel1.win32_1.0.100.202403111256/tools/bin/../lib/gcc/arm-none-eabi/12.3.1/../../../../arm-none-eabi/lib/thumb/v7-m/nofp\libc_nano.a(libc_a-memcpy-stub.o)
                0x08006b30                memcpy
 .text._free_r  0x08006b4c       0x90 C:/ST/STM32CubeIDE_1.15.1/STM32CubeIDE/plugins/com.st.stm32cube.ide.mcu.externaltools.gnu-tools-for-stm32.12.3.rel1.win32_1.0.100.202403111256/tools/bin/../lib/gcc/arm-none-eabi/12.3.1/../../../../arm-none-eabi/lib/thumb/v7-m/nofp\libc_nano.a(libc_a-freer.o)
                0x08006b4c                _free_r
 .text._malloc_usable_size_r
                0x08006bdc       0x10 C:/ST/STM32CubeIDE_1.15.1/STM32CubeIDE/plugins/com.st.stm32cube.ide.mcu.externaltools.gnu-tools-for-stm32.12.3.rel1.win32_1.0.100.202403111256/tools/bin/../lib/gcc/arm-none-eabi/12.3.1/../../../../arm-none-eabi/lib/thumb/v7-m/nofp\libc_nano.a(libc_a-msizer.o)
                0x08006bdc                _malloc_usable_size_r
 .text.pow      0x08006bec       0xd0 C:/ST/STM32CubeIDE_1.15.1/STM32CubeIDE/plugins/com.st.stm32cube.ide.mcu.externaltools.gnu-tools-for-stm32.12.3.rel1.win32_1.0.100.202403111256/tools/bin/../lib/gcc/arm-none-eabi/12.3.1/../../../../arm-none-eabi/lib/thumb/v7-m/nofp\libm.a(libm_a-w_pow.o)
                0x08006bec                pow
 .text.finite   0x08006cbc        0xc C:/ST/STM32CubeIDE_1.15.1/STM32CubeIDE/plugins/com.st.stm32cube.ide.mcu.externaltools.gnu-tools-for-stm32.12.3.rel1.win32_1.0.100.202403111256/tools/bin/../lib/gcc/arm-none-eabi/12.3.1/../../../../arm-none-eabi/lib/thumb/v7-m/nofp\libm.a(libm_a-s_finite.o)
                0x08006cbc                finite
 .text.__ieee754_pow
                0x08006cc8      0xa50 C:/ST/STM32CubeIDE_1.15.1/STM32CubeIDE/plugins/com.st.stm32cube.ide.mcu.externaltools.gnu-tools-for-stm32.12.3.rel1.win32_1.0.100.202403111256/tools/bin/../lib/gcc/arm-none-eabi/12.3.1/../../../../arm-none-eabi/lib/thumb/v7-m/nofp\libm.a(libm_a-e_pow.o)
                0x08006cc8                __ieee754_pow
 .text.fabs     0x08007718        0x8 C:/ST/STM32CubeIDE_1.15.1/STM32CubeIDE/plugins/com.st.stm32cube.ide.mcu.externaltools.gnu-tools-for-stm32.12.3.rel1.win32_1.0.100.202403111256/tools/bin/../lib/gcc/arm-none-eabi/12.3.1/../../../../arm-none-eabi/lib/thumb/v7-m/nofp\libm.a(libm_a-s_fabs.o)
                0x08007718                fabs
 .text.scalbn   0x08007720       0xec C:/ST/STM32CubeIDE_1.15.1/STM32CubeIDE/plugins/com.st.stm32cube.ide.mcu.externaltools.gnu-tools-for-stm32.12.3.rel1.win32_1.0.100.202403111256/tools/bin/../lib/gcc/arm-none-eabi/12.3.1/../../../../arm-none-eabi/lib/thumb/v7-m/nofp\libm.a(libm_a-s_scalbn.o)
                0x08007720                scalbn
 .text.with_errno
                0x0800780c       0x14 C:/ST/STM32CubeIDE_1.15.1/STM32CubeIDE/plugins/com.st.stm32cube.ide.mcu.externaltools.gnu-tools-for-stm32.12.3.rel1.win32_1.0.100.202403111256/tools/bin/../lib/gcc/arm-none-eabi/12.3.1/../../../../arm-none-eabi/lib/thumb/v7-m/nofp\libm.a(libm_a-math_err.o)
 .text.xflow    0x08007820       0x26 C:/ST/STM32CubeIDE_1.15.1/STM32CubeIDE/plugins/com.st.stm32cube.ide.mcu.externaltools.gnu-tools-for-stm32.12.3.rel1.win32_1.0.100.202403111256/tools/bin/../lib/gcc/arm-none-eabi/12.3.1/../../../../arm-none-eabi/lib/thumb/v7-m/nofp\libm.a(libm_a-math_err.o)
 .text.__math_uflow
                0x08007846        0xa C:/ST/STM32CubeIDE_1.15.1/STM32CubeIDE/plugins/com.st.stm32cube.ide.mcu.externaltools.gnu-tools-for-stm32.12.3.rel1.win32_1.0.100.202403111256/tools/bin/../lib/gcc/arm-none-eabi/12.3.1/../../../../arm-none-eabi/lib/thumb/v7-m/nofp\libm.a(libm_a-math_err.o)
                0x08007846                __math_uflow
 .text.__math_oflow
                0x08007850        0xa C:/ST/STM32CubeIDE_1.15.1/STM32CubeIDE/plugins/com.st.stm32cube.ide.mcu.externaltools.gnu-tools-for-stm32.12.3.rel1.win32_1.0.100.202403111256/tools/bin/../lib/gcc/arm-none-eabi/12.3.1/../../../../arm-none-eabi/lib/thumb/v7-m/nofp\libm.a(libm_a-math_err.o)
                0x08007850                __math_oflow
 *fill*         0x0800785a        0x2 
 .text.__ieee754_sqrt
                0x0800785c      0x1ac C:/ST/STM32CubeIDE_1.15.1/STM32CubeIDE/plugins/com.st.stm32cube.ide.mcu.externaltools.gnu-tools-for-stm32.12.3.rel1.win32_1.0.100.202403111256/tools/bin/../lib/gcc/arm-none-eabi/12.3.1/../../../../arm-none-eabi/lib/thumb/v7-m/nofp\libm.a(libm_a-e_sqrt.o)
                0x0800785c                __ieee754_sqrt
 *(.glue_7)
 .glue_7        0x08007a08        0x0 linker stubs
 *(.glue_7t)
 .glue_7t       0x08007a08        0x0 linker stubs
 *(.eh_frame)
 .eh_frame      0x08007a08        0x0 C:/ST/STM32CubeIDE_1.15.1/STM32CubeIDE/plugins/com.st.stm32cube.ide.mcu.externaltools.gnu-tools-for-stm32.12.3.rel1.win32_1.0.100.202403111256/tools/bin/../lib/gcc/arm-none-eabi/12.3.1/thumb/v7-m/nofp/crtbegin.o
 *(.init)
 .init          0x08007a08        0x4 C:/ST/STM32CubeIDE_1.15.1/STM32CubeIDE/plugins/com.st.stm32cube.ide.mcu.externaltools.gnu-tools-for-stm32.12.3.rel1.win32_1.0.100.202403111256/tools/bin/../lib/gcc/arm-none-eabi/12.3.1/thumb/v7-m/nofp/crti.o
                0x08007a08                _init
 .init          0x08007a0c        0x8 C:/ST/STM32CubeIDE_1.15.1/STM32CubeIDE/plugins/com.st.stm32cube.ide.mcu.externaltools.gnu-tools-for-stm32.12.3.rel1.win32_1.0.100.202403111256/tools/bin/../lib/gcc/arm-none-eabi/12.3.1/thumb/v7-m/nofp/crtn.o
 *(.fini)
 .fini          0x08007a14        0x4 C:/ST/STM32CubeIDE_1.15.1/STM32CubeIDE/plugins/com.st.stm32cube.ide.mcu.externaltools.gnu-tools-for-stm32.12.3.rel1.win32_1.0.100.202403111256/tools/bin/../lib/gcc/arm-none-eabi/12.3.1/thumb/v7-m/nofp/crti.o
                0x08007a14                _fini
 .fini          0x08007a18        0x8 C:/ST/STM32CubeIDE_1.15.1/STM32CubeIDE/plugins/com.st.stm32cube.ide.mcu.externaltools.gnu-tools-for-stm32.12.3.rel1.win32_1.0.100.202403111256/tools/bin/../lib/gcc/arm-none-eabi/12.3.1/thumb/v7-m/nofp/crtn.o
                0x08007a20                        . = ALIGN (0x4)
                0x08007a20                        _etext = .

.vfp11_veneer   0x08007a20        0x0
 .vfp11_veneer  0x08007a20        0x0 linker stubs

.v4_bx          0x08007a20        0x0
 .v4_bx         0x08007a20        0x0 linker stubs

.iplt           0x08007a20        0x0
 .iplt          0x08007a20        0x0 C:/ST/STM32CubeIDE_1.15.1/STM32CubeIDE/plugins/com.st.stm32cube.ide.mcu.externaltools.gnu-tools-for-stm32.12.3.rel1.win32_1.0.100.202403111256/tools/bin/../lib/gcc/arm-none-eabi/12.3.1/thumb/v7-m/nofp/crtbegin.o

.rodata         0x08007a20       0x70
                0x08007a20                        . = ALIGN (0x4)
 *(.rodata)
 *(.rodata*)
 .rodata.AHBPrescTable
                0x08007a20       0x10 ./Core/Src/system_stm32f1xx.o
                0x08007a20                AHBPrescTable
 .rodata.APBPrescTable
                0x08007a30        0x8 ./Core/Src/system_stm32f1xx.o
                0x08007a30                APBPrescTable
 .rodata.aPLLMULFactorTable.1
                0x08007a38       0x10 ./Drivers/STM32F1xx_HAL_Driver/Src/stm32f1xx_hal_rcc.o
 .rodata.aPredivFactorTable.0
                0x08007a48        0x2 ./Drivers/STM32F1xx_HAL_Driver/Src/stm32f1xx_hal_rcc.o
 *fill*         0x08007a4a        0x2 
 .rodata.aPLLMULFactorTable.1
                0x08007a4c       0x10 ./Drivers/STM32F1xx_HAL_Driver/Src/stm32f1xx_hal_rcc_ex.o
 .rodata.aPredivFactorTable.0
                0x08007a5c        0x2 ./Drivers/STM32F1xx_HAL_Driver/Src/stm32f1xx_hal_rcc_ex.o
 *fill*         0x08007a5e        0x2 
 .rodata.dp_l   0x08007a60       0x10 C:/ST/STM32CubeIDE_1.15.1/STM32CubeIDE/plugins/com.st.stm32cube.ide.mcu.externaltools.gnu-tools-for-stm32.12.3.rel1.win32_1.0.100.202403111256/tools/bin/../lib/gcc/arm-none-eabi/12.3.1/../../../../arm-none-eabi/lib/thumb/v7-m/nofp\libm.a(libm_a-e_pow.o)
 .rodata.dp_h   0x08007a70       0x10 C:/ST/STM32CubeIDE_1.15.1/STM32CubeIDE/plugins/com.st.stm32cube.ide.mcu.externaltools.gnu-tools-for-stm32.12.3.rel1.win32_1.0.100.202403111256/tools/bin/../lib/gcc/arm-none-eabi/12.3.1/../../../../arm-none-eabi/lib/thumb/v7-m/nofp\libm.a(libm_a-e_pow.o)
 .rodata.bp     0x08007a80       0x10 C:/ST/STM32CubeIDE_1.15.1/STM32CubeIDE/plugins/com.st.stm32cube.ide.mcu.externaltools.gnu-tools-for-stm32.12.3.rel1.win32_1.0.100.202403111256/tools/bin/../lib/gcc/arm-none-eabi/12.3.1/../../../../arm-none-eabi/lib/thumb/v7-m/nofp\libm.a(libm_a-e_pow.o)
                0x08007a90                        . = ALIGN (0x4)

.rel.dyn        0x08007a90        0x0
 .rel.iplt      0x08007a90        0x0 C:/ST/STM32CubeIDE_1.15.1/STM32CubeIDE/plugins/com.st.stm32cube.ide.mcu.externaltools.gnu-tools-for-stm32.12.3.rel1.win32_1.0.100.202403111256/tools/bin/../lib/gcc/arm-none-eabi/12.3.1/thumb/v7-m/nofp/crtbegin.o

.ARM.extab      0x08007a90        0x0
                0x08007a90                        . = ALIGN (0x4)
 *(.ARM.extab* .gnu.linkonce.armextab.*)
                0x08007a90                        . = ALIGN (0x4)

.ARM            0x08007a90        0x0
                0x08007a90                        . = ALIGN (0x4)
                0x08007a90                        __exidx_start = .
 *(.ARM.exidx*)
                0x08007a90                        __exidx_end = .
                0x08007a90                        . = ALIGN (0x4)

.preinit_array  0x08007a90        0x0
                0x08007a90                        . = ALIGN (0x4)
                0x08007a90                        PROVIDE (__preinit_array_start = .)
 *(.preinit_array*)
                0x08007a90                        PROVIDE (__preinit_array_end = .)
                0x08007a90                        . = ALIGN (0x4)

.init_array     0x08007a90        0x4
                0x08007a90                        . = ALIGN (0x4)
                0x08007a90                        PROVIDE (__init_array_start = .)
 *(SORT_BY_NAME(.init_array.*))
 *(.init_array*)
 .init_array    0x08007a90        0x4 C:/ST/STM32CubeIDE_1.15.1/STM32CubeIDE/plugins/com.st.stm32cube.ide.mcu.externaltools.gnu-tools-for-stm32.12.3.rel1.win32_1.0.100.202403111256/tools/bin/../lib/gcc/arm-none-eabi/12.3.1/thumb/v7-m/nofp/crtbegin.o
                0x08007a94                        PROVIDE (__init_array_end = .)
                0x08007a94                        . = ALIGN (0x4)

.fini_array     0x08007a94        0x4
                0x08007a94                        . = ALIGN (0x4)
                [!provide]                        PROVIDE (__fini_array_start = .)
 *(SORT_BY_NAME(.fini_array.*))
 *(.fini_array*)
 .fini_array    0x08007a94        0x4 C:/ST/STM32CubeIDE_1.15.1/STM32CubeIDE/plugins/com.st.stm32cube.ide.mcu.externaltools.gnu-tools-for-stm32.12.3.rel1.win32_1.0.100.202403111256/tools/bin/../lib/gcc/arm-none-eabi/12.3.1/thumb/v7-m/nofp/crtbegin.o
                [!provide]                        PROVIDE (__fini_array_end = .)
                0x08007a98                        . = ALIGN (0x4)
                0x08007a98                        _sidata = LOADADDR (.data)

.data           0x20000000       0x90 load address 0x08007a98
                0x20000000                        . = ALIGN (0x4)
                0x20000000                        _sdata = .
 *(.data)
 *(.data*)
 .data.mode_funct
                0x20000000        0x8 ./App/mainApp.o
                0x20000000                mode_funct
 .data.SystemCoreClock
                0x20000008        0x4 ./Core/Src/system_stm32f1xx.o
                0x20000008                SystemCoreClock
 .data.uwTickPrio
                0x2000000c        0x4 ./Drivers/STM32F1xx_HAL_Driver/Src/stm32f1xx_hal.o
                0x2000000c                uwTickPrio
 .data.uwTickFreq
                0x20000010        0x1 ./Drivers/STM32F1xx_HAL_Driver/Src/stm32f1xx_hal.o
                0x20000010                uwTickFreq
 *fill*         0x20000011        0x3 
 .data.USART    0x20000014       0x18 ./modules/uart/user_uart.o
                0x20000014                USART
 .data.Psc_Uart
                0x2000002c        0x3 ./modules/uart/user_uart.o
                0x2000002c                Psc_Uart
 *fill*         0x2000002f        0x1 
 .data._impure_ptr
                0x20000030        0x4 C:/ST/STM32CubeIDE_1.15.1/STM32CubeIDE/plugins/com.st.stm32cube.ide.mcu.externaltools.gnu-tools-for-stm32.12.3.rel1.win32_1.0.100.202403111256/tools/bin/../lib/gcc/arm-none-eabi/12.3.1/../../../../arm-none-eabi/lib/thumb/v7-m/nofp\libc_nano.a(libc_a-impure.o)
                0x20000030                _impure_ptr
 .data._impure_data
                0x20000034       0x4c C:/ST/STM32CubeIDE_1.15.1/STM32CubeIDE/plugins/com.st.stm32cube.ide.mcu.externaltools.gnu-tools-for-stm32.12.3.rel1.win32_1.0.100.202403111256/tools/bin/../lib/gcc/arm-none-eabi/12.3.1/../../../../arm-none-eabi/lib/thumb/v7-m/nofp\libc_nano.a(libc_a-impure.o)
                0x20000034                _impure_data
 .data.tiny     0x20000080        0x8 C:/ST/STM32CubeIDE_1.15.1/STM32CubeIDE/plugins/com.st.stm32cube.ide.mcu.externaltools.gnu-tools-for-stm32.12.3.rel1.win32_1.0.100.202403111256/tools/bin/../lib/gcc/arm-none-eabi/12.3.1/../../../../arm-none-eabi/lib/thumb/v7-m/nofp\libm.a(libm_a-e_sqrt.o)
 .data.one      0x20000088        0x8 C:/ST/STM32CubeIDE_1.15.1/STM32CubeIDE/plugins/com.st.stm32cube.ide.mcu.externaltools.gnu-tools-for-stm32.12.3.rel1.win32_1.0.100.202403111256/tools/bin/../lib/gcc/arm-none-eabi/12.3.1/../../../../arm-none-eabi/lib/thumb/v7-m/nofp\libm.a(libm_a-e_sqrt.o)
 *(.RamFunc)
 *(.RamFunc*)
                0x20000090                        . = ALIGN (0x4)
                0x20000090                        _edata = .

.igot.plt       0x20000090        0x0 load address 0x08007b28
 .igot.plt      0x20000090        0x0 C:/ST/STM32CubeIDE_1.15.1/STM32CubeIDE/plugins/com.st.stm32cube.ide.mcu.externaltools.gnu-tools-for-stm32.12.3.rel1.win32_1.0.100.202403111256/tools/bin/../lib/gcc/arm-none-eabi/12.3.1/thumb/v7-m/nofp/crtbegin.o
                0x20000090                        . = ALIGN (0x4)

.bss            0x20000090      0x328 load address 0x08007b28
                0x20000090                        _sbss = .
                0x20000090                        __bss_start__ = _sbss
 *(.bss)
 .bss           0x20000090       0x1c C:/ST/STM32CubeIDE_1.15.1/STM32CubeIDE/plugins/com.st.stm32cube.ide.mcu.externaltools.gnu-tools-for-stm32.12.3.rel1.win32_1.0.100.202403111256/tools/bin/../lib/gcc/arm-none-eabi/12.3.1/thumb/v7-m/nofp/crtbegin.o
 *(.bss*)
 .bss.dht       0x200000ac       0x18 ./App/FP_session.o
                0x200000ac                dht
 .bss.mq135     0x200000c4       0x10 ./App/FP_session.o
                0x200000c4                mq135
 .bss.pm25      0x200000d4       0x20 ./App/FP_session.o
                0x200000d4                pm25
 .bss.value     0x200000f4        0xa ./App/FP_session.o
                0x200000f4                value
 .bss.session_run
                0x200000fe        0x1 ./App/mainApp.o
                0x200000fe                session_run
 *fill*         0x200000ff        0x1 
 .bss._router   0x20000100        0x4 ./App/mainApp.o
                0x20000100                _router
 .bss._lcp_cl   0x20000104        0x4 ./App/mainApp.o
                0x20000104                _lcp_cl
 .bss.conn      0x20000108        0x4 ./App/mainApp.o
                0x20000108                conn
 .bss.flag_read_SS_done
                0x2000010c        0x1 ./App/mainApp.o
                0x2000010c                flag_read_SS_done
 *fill*         0x2000010d        0x3 
 .bss.hadc1     0x20000110       0x30 ./Core/Src/main.o
                0x20000110                hadc1
 .bss.hrtc      0x20000140       0x14 ./Core/Src/main.o
                0x20000140                hrtc
 .bss.htim1     0x20000154       0x48 ./Core/Src/main.o
                0x20000154                htim1
 .bss.htim2     0x2000019c       0x48 ./Core/Src/main.o
                0x2000019c                htim2
 .bss.htim3     0x200001e4       0x48 ./Core/Src/main.o
                0x200001e4                htim3
 .bss.__sbrk_heap_end
                0x2000022c        0x4 ./Core/Src/sysmem.o
 .bss.uwTick    0x20000230        0x4 ./Drivers/STM32F1xx_HAL_Driver/Src/stm32f1xx_hal.o
                0x20000230                uwTick
 .bss.dataBuf.1
                0x20000234        0x4 ./middlelayers/buffer/router.o
 .bss.countCycle.0
                0x20000238        0x2 ./middlelayers/buffer/router.o
 .bss.countTime.1
                0x2000023a        0x1 ./middlelayers/lo_ptc/lo_ptc.o
 .bss.timetolive.0
                0x2000023b        0x1 ./middlelayers/lo_ptc/lo_ptc.o
 .bss.UartRecieveByte
                0x2000023c        0x4 ./modules/uart/user_uart.o
                0x2000023c                UartRecieveByte
 .bss.UART_SR   0x20000240        0xc ./modules/uart/user_uart.o
                0x20000240                UART_SR
 .bss.USART_CR1
                0x2000024c        0xc ./modules/uart/user_uart.o
                0x2000024c                USART_CR1
 .bss.USART_CR2
                0x20000258        0xc ./modules/uart/user_uart.o
                0x20000258                USART_CR2
 .bss.USART_BBR
                0x20000264        0xc ./modules/uart/user_uart.o
                0x20000264                USART_BBR
 .bss.__malloc_sbrk_start
                0x20000270        0x4 C:/ST/STM32CubeIDE_1.15.1/STM32CubeIDE/plugins/com.st.stm32cube.ide.mcu.externaltools.gnu-tools-for-stm32.12.3.rel1.win32_1.0.100.202403111256/tools/bin/../lib/gcc/arm-none-eabi/12.3.1/../../../../arm-none-eabi/lib/thumb/v7-m/nofp\libc_nano.a(libc_a-mallocr.o)
                0x20000270                __malloc_sbrk_start
 .bss.__malloc_free_list
                0x20000274        0x4 C:/ST/STM32CubeIDE_1.15.1/STM32CubeIDE/plugins/com.st.stm32cube.ide.mcu.externaltools.gnu-tools-for-stm32.12.3.rel1.win32_1.0.100.202403111256/tools/bin/../lib/gcc/arm-none-eabi/12.3.1/../../../../arm-none-eabi/lib/thumb/v7-m/nofp\libc_nano.a(libc_a-mallocr.o)
                0x20000274                __malloc_free_list
 .bss.__sf      0x20000278      0x138 C:/ST/STM32CubeIDE_1.15.1/STM32CubeIDE/plugins/com.st.stm32cube.ide.mcu.externaltools.gnu-tools-for-stm32.12.3.rel1.win32_1.0.100.202403111256/tools/bin/../lib/gcc/arm-none-eabi/12.3.1/../../../../arm-none-eabi/lib/thumb/v7-m/nofp\libc_nano.a(libc_a-findfp.o)
                0x20000278                __sf
 .bss.errno     0x200003b0        0x4 C:/ST/STM32CubeIDE_1.15.1/STM32CubeIDE/plugins/com.st.stm32cube.ide.mcu.externaltools.gnu-tools-for-stm32.12.3.rel1.win32_1.0.100.202403111256/tools/bin/../lib/gcc/arm-none-eabi/12.3.1/../../../../arm-none-eabi/lib/thumb/v7-m/nofp\libc_nano.a(libc_a-reent.o)
                0x200003b0                errno
 .bss.__lock___malloc_recursive_mutex
                0x200003b4        0x1 C:/ST/STM32CubeIDE_1.15.1/STM32CubeIDE/plugins/com.st.stm32cube.ide.mcu.externaltools.gnu-tools-for-stm32.12.3.rel1.win32_1.0.100.202403111256/tools/bin/../lib/gcc/arm-none-eabi/12.3.1/../../../../arm-none-eabi/lib/thumb/v7-m/nofp\libc_nano.a(libc_a-lock.o)
                0x200003b4                __lock___malloc_recursive_mutex
 *(COMMON)
                0x200003b8                        . = ALIGN (0x4)
 *fill*         0x200003b5        0x3 
                0x200003b8                        _ebss = .
                0x200003b8                        __bss_end__ = _ebss

._user_heap_stack
                0x200003b8      0x600 load address 0x08007b28
                0x200003b8                        . = ALIGN (0x8)
                [!provide]                        PROVIDE (end = .)
                0x200003b8                        PROVIDE (_end = .)
                0x200005b8                        . = (. + _Min_Heap_Size)
 *fill*         0x200003b8      0x200 
                0x200009b8                        . = (. + _Min_Stack_Size)
 *fill*         0x200005b8      0x400 
                0x200009b8                        . = ALIGN (0x8)

/DISCARD/
 libc.a(*)
 libm.a(*)
 libgcc.a(*)

.ARM.attributes
                0x00000000       0x29
 *(.ARM.attributes)
 .ARM.attributes
                0x00000000       0x1d C:/ST/STM32CubeIDE_1.15.1/STM32CubeIDE/plugins/com.st.stm32cube.ide.mcu.externaltools.gnu-tools-for-stm32.12.3.rel1.win32_1.0.100.202403111256/tools/bin/../lib/gcc/arm-none-eabi/12.3.1/thumb/v7-m/nofp/crti.o
 .ARM.attributes
                0x0000001d       0x2d C:/ST/STM32CubeIDE_1.15.1/STM32CubeIDE/plugins/com.st.stm32cube.ide.mcu.externaltools.gnu-tools-for-stm32.12.3.rel1.win32_1.0.100.202403111256/tools/bin/../lib/gcc/arm-none-eabi/12.3.1/thumb/v7-m/nofp/crtbegin.o
 .ARM.attributes
                0x0000004a       0x2d ./App/FP_session.o
 .ARM.attributes
                0x00000077       0x2d ./App/Sleep_session.o
 .ARM.attributes
                0x000000a4       0x2d ./App/mainApp.o
 .ARM.attributes
                0x000000d1       0x2d ./Core/Src/main.o
 .ARM.attributes
                0x000000fe       0x2d ./Core/Src/stm32f1xx_hal_msp.o
 .ARM.attributes
                0x0000012b       0x2d ./Core/Src/stm32f1xx_it.o
 .ARM.attributes
                0x00000158       0x2d ./Core/Src/sysmem.o
 .ARM.attributes
                0x00000185       0x2d ./Core/Src/system_stm32f1xx.o
 .ARM.attributes
                0x000001b2       0x21 ./Core/Startup/startup_stm32f103c8tx.o
 .ARM.attributes
                0x000001d3       0x2d ./Drivers/STM32F1xx_HAL_Driver/Src/stm32f1xx_hal.o
 .ARM.attributes
                0x00000200       0x2d ./Drivers/STM32F1xx_HAL_Driver/Src/stm32f1xx_hal_adc.o
 .ARM.attributes
                0x0000022d       0x2d ./Drivers/STM32F1xx_HAL_Driver/Src/stm32f1xx_hal_cortex.o
 .ARM.attributes
                0x0000025a       0x2d ./Drivers/STM32F1xx_HAL_Driver/Src/stm32f1xx_hal_gpio.o
 .ARM.attributes
                0x00000287       0x2d ./Drivers/STM32F1xx_HAL_Driver/Src/stm32f1xx_hal_pwr.o
 .ARM.attributes
                0x000002b4       0x2d ./Drivers/STM32F1xx_HAL_Driver/Src/stm32f1xx_hal_rcc.o
 .ARM.attributes
                0x000002e1       0x2d ./Drivers/STM32F1xx_HAL_Driver/Src/stm32f1xx_hal_rcc_ex.o
 .ARM.attributes
                0x0000030e       0x2d ./Drivers/STM32F1xx_HAL_Driver/Src/stm32f1xx_hal_rtc.o
 .ARM.attributes
                0x0000033b       0x2d ./Drivers/STM32F1xx_HAL_Driver/Src/stm32f1xx_hal_rtc_ex.o
 .ARM.attributes
                0x00000368       0x2d ./Drivers/STM32F1xx_HAL_Driver/Src/stm32f1xx_hal_tim.o
 .ARM.attributes
                0x00000395       0x2d ./Drivers/STM32F1xx_HAL_Driver/Src/stm32f1xx_hal_tim_ex.o
 .ARM.attributes
                0x000003c2       0x2d ./middlelayers/buffer/buffer.o
 .ARM.attributes
                0x000003ef       0x2d ./middlelayers/buffer/router.o
 .ARM.attributes
                0x0000041c       0x2d ./middlelayers/crc/crc.o
 .ARM.attributes
                0x00000449       0x2d ./middlelayers/device/DHT22/DHT22.o
 .ARM.attributes
                0x00000476       0x2d ./middlelayers/device/MQ135/MQ135.o
 .ARM.attributes
                0x000004a3       0x2d ./middlelayers/device/PM25/PM25.o
 .ARM.attributes
                0x000004d0       0x2d ./middlelayers/lo_ptc/lo_ptc.o
 .ARM.attributes
                0x000004fd       0x2d ./modules/uart/user_uart.o
 .ARM.attributes
                0x0000052a       0x2d C:/ST/STM32CubeIDE_1.15.1/STM32CubeIDE/plugins/com.st.stm32cube.ide.mcu.externaltools.gnu-tools-for-stm32.12.3.rel1.win32_1.0.100.202403111256/tools/bin/../lib/gcc/arm-none-eabi/12.3.1/../../../../arm-none-eabi/lib/thumb/v7-m/nofp\libc_nano.a(libc_a-malloc.o)
 .ARM.attributes
                0x00000557       0x2d C:/ST/STM32CubeIDE_1.15.1/STM32CubeIDE/plugins/com.st.stm32cube.ide.mcu.externaltools.gnu-tools-for-stm32.12.3.rel1.win32_1.0.100.202403111256/tools/bin/../lib/gcc/arm-none-eabi/12.3.1/../../../../arm-none-eabi/lib/thumb/v7-m/nofp\libc_nano.a(libc_a-mallocr.o)
 .ARM.attributes
                0x00000584       0x2d C:/ST/STM32CubeIDE_1.15.1/STM32CubeIDE/plugins/com.st.stm32cube.ide.mcu.externaltools.gnu-tools-for-stm32.12.3.rel1.win32_1.0.100.202403111256/tools/bin/../lib/gcc/arm-none-eabi/12.3.1/../../../../arm-none-eabi/lib/thumb/v7-m/nofp\libc_nano.a(libc_a-mlock.o)
 .ARM.attributes
                0x000005b1       0x2d C:/ST/STM32CubeIDE_1.15.1/STM32CubeIDE/plugins/com.st.stm32cube.ide.mcu.externaltools.gnu-tools-for-stm32.12.3.rel1.win32_1.0.100.202403111256/tools/bin/../lib/gcc/arm-none-eabi/12.3.1/../../../../arm-none-eabi/lib/thumb/v7-m/nofp\libc_nano.a(libc_a-realloc.o)
 .ARM.attributes
                0x000005de       0x2d C:/ST/STM32CubeIDE_1.15.1/STM32CubeIDE/plugins/com.st.stm32cube.ide.mcu.externaltools.gnu-tools-for-stm32.12.3.rel1.win32_1.0.100.202403111256/tools/bin/../lib/gcc/arm-none-eabi/12.3.1/../../../../arm-none-eabi/lib/thumb/v7-m/nofp\libc_nano.a(libc_a-reallocr.o)
 .ARM.attributes
                0x0000060b       0x2d C:/ST/STM32CubeIDE_1.15.1/STM32CubeIDE/plugins/com.st.stm32cube.ide.mcu.externaltools.gnu-tools-for-stm32.12.3.rel1.win32_1.0.100.202403111256/tools/bin/../lib/gcc/arm-none-eabi/12.3.1/../../../../arm-none-eabi/lib/thumb/v7-m/nofp\libc_nano.a(libc_a-findfp.o)
 .ARM.attributes
                0x00000638       0x2d C:/ST/STM32CubeIDE_1.15.1/STM32CubeIDE/plugins/com.st.stm32cube.ide.mcu.externaltools.gnu-tools-for-stm32.12.3.rel1.win32_1.0.100.202403111256/tools/bin/../lib/gcc/arm-none-eabi/12.3.1/../../../../arm-none-eabi/lib/thumb/v7-m/nofp\libc_nano.a(libc_a-memset.o)
 .ARM.attributes
                0x00000665       0x2d C:/ST/STM32CubeIDE_1.15.1/STM32CubeIDE/plugins/com.st.stm32cube.ide.mcu.externaltools.gnu-tools-for-stm32.12.3.rel1.win32_1.0.100.202403111256/tools/bin/../lib/gcc/arm-none-eabi/12.3.1/../../../../arm-none-eabi/lib/thumb/v7-m/nofp\libc_nano.a(libc_a-reent.o)
 .ARM.attributes
                0x00000692       0x2d C:/ST/STM32CubeIDE_1.15.1/STM32CubeIDE/plugins/com.st.stm32cube.ide.mcu.externaltools.gnu-tools-for-stm32.12.3.rel1.win32_1.0.100.202403111256/tools/bin/../lib/gcc/arm-none-eabi/12.3.1/../../../../arm-none-eabi/lib/thumb/v7-m/nofp\libc_nano.a(libc_a-impure.o)
 .ARM.attributes
                0x000006bf       0x2d C:/ST/STM32CubeIDE_1.15.1/STM32CubeIDE/plugins/com.st.stm32cube.ide.mcu.externaltools.gnu-tools-for-stm32.12.3.rel1.win32_1.0.100.202403111256/tools/bin/../lib/gcc/arm-none-eabi/12.3.1/../../../../arm-none-eabi/lib/thumb/v7-m/nofp\libc_nano.a(libc_a-sbrkr.o)
 .ARM.attributes
                0x000006ec       0x2d C:/ST/STM32CubeIDE_1.15.1/STM32CubeIDE/plugins/com.st.stm32cube.ide.mcu.externaltools.gnu-tools-for-stm32.12.3.rel1.win32_1.0.100.202403111256/tools/bin/../lib/gcc/arm-none-eabi/12.3.1/../../../../arm-none-eabi/lib/thumb/v7-m/nofp\libc_nano.a(libc_a-errno.o)
 .ARM.attributes
                0x00000719       0x2d C:/ST/STM32CubeIDE_1.15.1/STM32CubeIDE/plugins/com.st.stm32cube.ide.mcu.externaltools.gnu-tools-for-stm32.12.3.rel1.win32_1.0.100.202403111256/tools/bin/../lib/gcc/arm-none-eabi/12.3.1/../../../../arm-none-eabi/lib/thumb/v7-m/nofp\libc_nano.a(libc_a-init.o)
 .ARM.attributes
                0x00000746       0x2d C:/ST/STM32CubeIDE_1.15.1/STM32CubeIDE/plugins/com.st.stm32cube.ide.mcu.externaltools.gnu-tools-for-stm32.12.3.rel1.win32_1.0.100.202403111256/tools/bin/../lib/gcc/arm-none-eabi/12.3.1/../../../../arm-none-eabi/lib/thumb/v7-m/nofp\libc_nano.a(libc_a-lock.o)
 .ARM.attributes
                0x00000773       0x2d C:/ST/STM32CubeIDE_1.15.1/STM32CubeIDE/plugins/com.st.stm32cube.ide.mcu.externaltools.gnu-tools-for-stm32.12.3.rel1.win32_1.0.100.202403111256/tools/bin/../lib/gcc/arm-none-eabi/12.3.1/../../../../arm-none-eabi/lib/thumb/v7-m/nofp\libc_nano.a(libc_a-memcpy-stub.o)
 .ARM.attributes
                0x000007a0       0x2d C:/ST/STM32CubeIDE_1.15.1/STM32CubeIDE/plugins/com.st.stm32cube.ide.mcu.externaltools.gnu-tools-for-stm32.12.3.rel1.win32_1.0.100.202403111256/tools/bin/../lib/gcc/arm-none-eabi/12.3.1/../../../../arm-none-eabi/lib/thumb/v7-m/nofp\libc_nano.a(libc_a-freer.o)
 .ARM.attributes
                0x000007cd       0x2d C:/ST/STM32CubeIDE_1.15.1/STM32CubeIDE/plugins/com.st.stm32cube.ide.mcu.externaltools.gnu-tools-for-stm32.12.3.rel1.win32_1.0.100.202403111256/tools/bin/../lib/gcc/arm-none-eabi/12.3.1/../../../../arm-none-eabi/lib/thumb/v7-m/nofp\libc_nano.a(libc_a-msizer.o)
 .ARM.attributes
                0x000007fa       0x2d C:/ST/STM32CubeIDE_1.15.1/STM32CubeIDE/plugins/com.st.stm32cube.ide.mcu.externaltools.gnu-tools-for-stm32.12.3.rel1.win32_1.0.100.202403111256/tools/bin/../lib/gcc/arm-none-eabi/12.3.1/../../../../arm-none-eabi/lib/thumb/v7-m/nofp\libm.a(libm_a-w_pow.o)
 .ARM.attributes
                0x00000827       0x2d C:/ST/STM32CubeIDE_1.15.1/STM32CubeIDE/plugins/com.st.stm32cube.ide.mcu.externaltools.gnu-tools-for-stm32.12.3.rel1.win32_1.0.100.202403111256/tools/bin/../lib/gcc/arm-none-eabi/12.3.1/../../../../arm-none-eabi/lib/thumb/v7-m/nofp\libm.a(libm_a-s_finite.o)
 .ARM.attributes
                0x00000854       0x2d C:/ST/STM32CubeIDE_1.15.1/STM32CubeIDE/plugins/com.st.stm32cube.ide.mcu.externaltools.gnu-tools-for-stm32.12.3.rel1.win32_1.0.100.202403111256/tools/bin/../lib/gcc/arm-none-eabi/12.3.1/../../../../arm-none-eabi/lib/thumb/v7-m/nofp\libm.a(libm_a-e_pow.o)
 .ARM.attributes
                0x00000881       0x2d C:/ST/STM32CubeIDE_1.15.1/STM32CubeIDE/plugins/com.st.stm32cube.ide.mcu.externaltools.gnu-tools-for-stm32.12.3.rel1.win32_1.0.100.202403111256/tools/bin/../lib/gcc/arm-none-eabi/12.3.1/../../../../arm-none-eabi/lib/thumb/v7-m/nofp\libm.a(libm_a-s_fabs.o)
 .ARM.attributes
                0x000008ae       0x2d C:/ST/STM32CubeIDE_1.15.1/STM32CubeIDE/plugins/com.st.stm32cube.ide.mcu.externaltools.gnu-tools-for-stm32.12.3.rel1.win32_1.0.100.202403111256/tools/bin/../lib/gcc/arm-none-eabi/12.3.1/../../../../arm-none-eabi/lib/thumb/v7-m/nofp\libm.a(libm_a-s_scalbn.o)
 .ARM.attributes
                0x000008db       0x2d C:/ST/STM32CubeIDE_1.15.1/STM32CubeIDE/plugins/com.st.stm32cube.ide.mcu.externaltools.gnu-tools-for-stm32.12.3.rel1.win32_1.0.100.202403111256/tools/bin/../lib/gcc/arm-none-eabi/12.3.1/../../../../arm-none-eabi/lib/thumb/v7-m/nofp\libm.a(libm_a-math_err.o)
 .ARM.attributes
                0x00000908       0x2d C:/ST/STM32CubeIDE_1.15.1/STM32CubeIDE/plugins/com.st.stm32cube.ide.mcu.externaltools.gnu-tools-for-stm32.12.3.rel1.win32_1.0.100.202403111256/tools/bin/../lib/gcc/arm-none-eabi/12.3.1/../../../../arm-none-eabi/lib/thumb/v7-m/nofp\libm.a(libm_a-e_sqrt.o)
 .ARM.attributes
                0x00000935       0x1d C:/ST/STM32CubeIDE_1.15.1/STM32CubeIDE/plugins/com.st.stm32cube.ide.mcu.externaltools.gnu-tools-for-stm32.12.3.rel1.win32_1.0.100.202403111256/tools/bin/../lib/gcc/arm-none-eabi/12.3.1/thumb/v7-m/nofp\libgcc.a(_arm_addsubdf3.o)
 .ARM.attributes
                0x00000952       0x1d C:/ST/STM32CubeIDE_1.15.1/STM32CubeIDE/plugins/com.st.stm32cube.ide.mcu.externaltools.gnu-tools-for-stm32.12.3.rel1.win32_1.0.100.202403111256/tools/bin/../lib/gcc/arm-none-eabi/12.3.1/thumb/v7-m/nofp\libgcc.a(_arm_muldivdf3.o)
 .ARM.attributes
                0x0000096f       0x1d C:/ST/STM32CubeIDE_1.15.1/STM32CubeIDE/plugins/com.st.stm32cube.ide.mcu.externaltools.gnu-tools-for-stm32.12.3.rel1.win32_1.0.100.202403111256/tools/bin/../lib/gcc/arm-none-eabi/12.3.1/thumb/v7-m/nofp\libgcc.a(_arm_cmpdf2.o)
 .ARM.attributes
                0x0000098c       0x1d C:/ST/STM32CubeIDE_1.15.1/STM32CubeIDE/plugins/com.st.stm32cube.ide.mcu.externaltools.gnu-tools-for-stm32.12.3.rel1.win32_1.0.100.202403111256/tools/bin/../lib/gcc/arm-none-eabi/12.3.1/thumb/v7-m/nofp\libgcc.a(_arm_unorddf2.o)
 .ARM.attributes
                0x000009a9       0x1d C:/ST/STM32CubeIDE_1.15.1/STM32CubeIDE/plugins/com.st.stm32cube.ide.mcu.externaltools.gnu-tools-for-stm32.12.3.rel1.win32_1.0.100.202403111256/tools/bin/../lib/gcc/arm-none-eabi/12.3.1/thumb/v7-m/nofp\libgcc.a(_arm_fixunsdfsi.o)
 .ARM.attributes
                0x000009c6       0x1d C:/ST/STM32CubeIDE_1.15.1/STM32CubeIDE/plugins/com.st.stm32cube.ide.mcu.externaltools.gnu-tools-for-stm32.12.3.rel1.win32_1.0.100.202403111256/tools/bin/../lib/gcc/arm-none-eabi/12.3.1/thumb/v7-m/nofp\libgcc.a(_arm_truncdfsf2.o)
 .ARM.attributes
                0x000009e3       0x1d C:/ST/STM32CubeIDE_1.15.1/STM32CubeIDE/plugins/com.st.stm32cube.ide.mcu.externaltools.gnu-tools-for-stm32.12.3.rel1.win32_1.0.100.202403111256/tools/bin/../lib/gcc/arm-none-eabi/12.3.1/thumb/v7-m/nofp\libgcc.a(_arm_addsubsf3.o)
 .ARM.attributes
                0x00000a00       0x1d C:/ST/STM32CubeIDE_1.15.1/STM32CubeIDE/plugins/com.st.stm32cube.ide.mcu.externaltools.gnu-tools-for-stm32.12.3.rel1.win32_1.0.100.202403111256/tools/bin/../lib/gcc/arm-none-eabi/12.3.1/thumb/v7-m/nofp\libgcc.a(_arm_muldivsf3.o)
 .ARM.attributes
                0x00000a1d       0x1d C:/ST/STM32CubeIDE_1.15.1/STM32CubeIDE/plugins/com.st.stm32cube.ide.mcu.externaltools.gnu-tools-for-stm32.12.3.rel1.win32_1.0.100.202403111256/tools/bin/../lib/gcc/arm-none-eabi/12.3.1/thumb/v7-m/nofp\libgcc.a(_arm_cmpsf2.o)
 .ARM.attributes
                0x00000a3a       0x1d C:/ST/STM32CubeIDE_1.15.1/STM32CubeIDE/plugins/com.st.stm32cube.ide.mcu.externaltools.gnu-tools-for-stm32.12.3.rel1.win32_1.0.100.202403111256/tools/bin/../lib/gcc/arm-none-eabi/12.3.1/thumb/v7-m/nofp\libgcc.a(_arm_fixunssfsi.o)
 .ARM.attributes
                0x00000a57       0x1d C:/ST/STM32CubeIDE_1.15.1/STM32CubeIDE/plugins/com.st.stm32cube.ide.mcu.externaltools.gnu-tools-for-stm32.12.3.rel1.win32_1.0.100.202403111256/tools/bin/../lib/gcc/arm-none-eabi/12.3.1/thumb/v7-m/nofp/crtn.o
OUTPUT(En_Mo.elf elf32-littlearm)
LOAD linker stubs
LOAD C:/ST/STM32CubeIDE_1.15.1/STM32CubeIDE/plugins/com.st.stm32cube.ide.mcu.externaltools.gnu-tools-for-stm32.12.3.rel1.win32_1.0.100.202403111256/tools/bin/../lib/gcc/arm-none-eabi/12.3.1/../../../../arm-none-eabi/lib/thumb/v7-m/nofp\libc.a
LOAD C:/ST/STM32CubeIDE_1.15.1/STM32CubeIDE/plugins/com.st.stm32cube.ide.mcu.externaltools.gnu-tools-for-stm32.12.3.rel1.win32_1.0.100.202403111256/tools/bin/../lib/gcc/arm-none-eabi/12.3.1/../../../../arm-none-eabi/lib/thumb/v7-m/nofp\libm.a
LOAD C:/ST/STM32CubeIDE_1.15.1/STM32CubeIDE/plugins/com.st.stm32cube.ide.mcu.externaltools.gnu-tools-for-stm32.12.3.rel1.win32_1.0.100.202403111256/tools/bin/../lib/gcc/arm-none-eabi/12.3.1/thumb/v7-m/nofp\libgcc.a

.debug_info     0x00000000    0x11d81
 .debug_info    0x00000000      0xc8c ./App/FP_session.o
 .debug_info    0x00000c8c       0xa6 ./App/Sleep_session.o
 .debug_info    0x00000d32     0x1338 ./App/mainApp.o
 .debug_info    0x0000206a     0x112b ./Core/Src/main.o
 .debug_info    0x00003195      0xf4f ./Core/Src/stm32f1xx_hal_msp.o
 .debug_info    0x000040e4      0x8ca ./Core/Src/stm32f1xx_it.o
 .debug_info    0x000049ae      0x168 ./Core/Src/sysmem.o
 .debug_info    0x00004b16      0x222 ./Core/Src/system_stm32f1xx.o
 .debug_info    0x00004d38       0x30 ./Core/Startup/startup_stm32f103c8tx.o
 .debug_info    0x00004d68      0x704 ./Drivers/STM32F1xx_HAL_Driver/Src/stm32f1xx_hal.o
 .debug_info    0x0000546c      0xc50 ./Drivers/STM32F1xx_HAL_Driver/Src/stm32f1xx_hal_adc.o
 .debug_info    0x000060bc      0xa87 ./Drivers/STM32F1xx_HAL_Driver/Src/stm32f1xx_hal_cortex.o
 .debug_info    0x00006b43      0x5ab ./Drivers/STM32F1xx_HAL_Driver/Src/stm32f1xx_hal_gpio.o
 .debug_info    0x000070ee      0x628 ./Drivers/STM32F1xx_HAL_Driver/Src/stm32f1xx_hal_pwr.o
 .debug_info    0x00007716      0x7d5 ./Drivers/STM32F1xx_HAL_Driver/Src/stm32f1xx_hal_rcc.o
 .debug_info    0x00007eeb      0x3c0 ./Drivers/STM32F1xx_HAL_Driver/Src/stm32f1xx_hal_rcc_ex.o
 .debug_info    0x000082ab      0xc73 ./Drivers/STM32F1xx_HAL_Driver/Src/stm32f1xx_hal_rtc.o
 .debug_info    0x00008f1e      0x6a7 ./Drivers/STM32F1xx_HAL_Driver/Src/stm32f1xx_hal_rtc_ex.o
 .debug_info    0x000095c5     0x293b ./Drivers/STM32F1xx_HAL_Driver/Src/stm32f1xx_hal_tim.o
 .debug_info    0x0000bf00     0x149b ./Drivers/STM32F1xx_HAL_Driver/Src/stm32f1xx_hal_tim_ex.o
 .debug_info    0x0000d39b     0x10e0 ./middlelayers/buffer/buffer.o
 .debug_info    0x0000e47b      0x935 ./middlelayers/buffer/router.o
 .debug_info    0x0000edb0      0x1de ./middlelayers/crc/crc.o
 .debug_info    0x0000ef8e      0x654 ./middlelayers/device/DHT22/DHT22.o
 .debug_info    0x0000f5e2      0x880 ./middlelayers/device/MQ135/MQ135.o
 .debug_info    0x0000fe62      0x909 ./middlelayers/device/PM25/PM25.o
 .debug_info    0x0001076b      0xab6 ./middlelayers/lo_ptc/lo_ptc.o
 .debug_info    0x00011221      0xb60 ./modules/uart/user_uart.o

.debug_abbrev   0x00000000     0x350c
 .debug_abbrev  0x00000000      0x206 ./App/FP_session.o
 .debug_abbrev  0x00000206       0x45 ./App/Sleep_session.o
 .debug_abbrev  0x0000024b      0x280 ./App/mainApp.o
 .debug_abbrev  0x000004cb      0x2df ./Core/Src/main.o
 .debug_abbrev  0x000007aa      0x215 ./Core/Src/stm32f1xx_hal_msp.o
 .debug_abbrev  0x000009bf      0x193 ./Core/Src/stm32f1xx_it.o
 .debug_abbrev  0x00000b52       0xbc ./Core/Src/sysmem.o
 .debug_abbrev  0x00000c0e      0x13f ./Core/Src/system_stm32f1xx.o
 .debug_abbrev  0x00000d4d       0x24 ./Core/Startup/startup_stm32f103c8tx.o
 .debug_abbrev  0x00000d71      0x201 ./Drivers/STM32F1xx_HAL_Driver/Src/stm32f1xx_hal.o
 .debug_abbrev  0x00000f72      0x225 ./Drivers/STM32F1xx_HAL_Driver/Src/stm32f1xx_hal_adc.o
 .debug_abbrev  0x00001197      0x2f8 ./Drivers/STM32F1xx_HAL_Driver/Src/stm32f1xx_hal_cortex.o
 .debug_abbrev  0x0000148f      0x1ca ./Drivers/STM32F1xx_HAL_Driver/Src/stm32f1xx_hal_gpio.o
 .debug_abbrev  0x00001659      0x1f6 ./Drivers/STM32F1xx_HAL_Driver/Src/stm32f1xx_hal_pwr.o
 .debug_abbrev  0x0000184f      0x2b3 ./Drivers/STM32F1xx_HAL_Driver/Src/stm32f1xx_hal_rcc.o
 .debug_abbrev  0x00001b02      0x188 ./Drivers/STM32F1xx_HAL_Driver/Src/stm32f1xx_hal_rcc_ex.o
 .debug_abbrev  0x00001c8a      0x23a ./Drivers/STM32F1xx_HAL_Driver/Src/stm32f1xx_hal_rtc.o
 .debug_abbrev  0x00001ec4      0x22b ./Drivers/STM32F1xx_HAL_Driver/Src/stm32f1xx_hal_rtc_ex.o
 .debug_abbrev  0x000020ef      0x277 ./Drivers/STM32F1xx_HAL_Driver/Src/stm32f1xx_hal_tim.o
 .debug_abbrev  0x00002366      0x282 ./Drivers/STM32F1xx_HAL_Driver/Src/stm32f1xx_hal_tim_ex.o
 .debug_abbrev  0x000025e8      0x222 ./middlelayers/buffer/buffer.o
 .debug_abbrev  0x0000280a      0x197 ./middlelayers/buffer/router.o
 .debug_abbrev  0x000029a1       0xd6 ./middlelayers/crc/crc.o
 .debug_abbrev  0x00002a77      0x21b ./middlelayers/device/DHT22/DHT22.o
 .debug_abbrev  0x00002c92      0x1be ./middlelayers/device/MQ135/MQ135.o
 .debug_abbrev  0x00002e50      0x20d ./middlelayers/device/PM25/PM25.o
 .debug_abbrev  0x0000305d      0x272 ./middlelayers/lo_ptc/lo_ptc.o
 .debug_abbrev  0x000032cf      0x23d ./modules/uart/user_uart.o

.debug_aranges  0x00000000     0x1138
 .debug_aranges
                0x00000000       0x20 ./App/FP_session.o
 .debug_aranges
                0x00000020       0x20 ./App/Sleep_session.o
 .debug_aranges
                0x00000040       0x48 ./App/mainApp.o
 .debug_aranges
                0x00000088       0x60 ./Core/Src/main.o
 .debug_aranges
                0x000000e8       0x50 ./Core/Src/stm32f1xx_hal_msp.o
 .debug_aranges
                0x00000138       0x80 ./Core/Src/stm32f1xx_it.o
 .debug_aranges
                0x000001b8       0x20 ./Core/Src/sysmem.o
 .debug_aranges
                0x000001d8       0x28 ./Core/Src/system_stm32f1xx.o
 .debug_aranges
                0x00000200       0x28 ./Core/Startup/startup_stm32f103c8tx.o
 .debug_aranges
                0x00000228       0xe0 ./Drivers/STM32F1xx_HAL_Driver/Src/stm32f1xx_hal.o
 .debug_aranges
                0x00000308       0xf0 ./Drivers/STM32F1xx_HAL_Driver/Src/stm32f1xx_hal_adc.o
 .debug_aranges
                0x000003f8      0x100 ./Drivers/STM32F1xx_HAL_Driver/Src/stm32f1xx_hal_cortex.o
 .debug_aranges
                0x000004f8       0x58 ./Drivers/STM32F1xx_HAL_Driver/Src/stm32f1xx_hal_gpio.o
 .debug_aranges
                0x00000550       0xa8 ./Drivers/STM32F1xx_HAL_Driver/Src/stm32f1xx_hal_pwr.o
 .debug_aranges
                0x000005f8       0x90 ./Drivers/STM32F1xx_HAL_Driver/Src/stm32f1xx_hal_rcc.o
 .debug_aranges
                0x00000688       0x30 ./Drivers/STM32F1xx_HAL_Driver/Src/stm32f1xx_hal_rcc_ex.o
 .debug_aranges
                0x000006b8       0xf8 ./Drivers/STM32F1xx_HAL_Driver/Src/stm32f1xx_hal_rtc.o
 .debug_aranges
                0x000007b0       0x88 ./Drivers/STM32F1xx_HAL_Driver/Src/stm32f1xx_hal_rtc_ex.o
 .debug_aranges
                0x00000838      0x3d0 ./Drivers/STM32F1xx_HAL_Driver/Src/stm32f1xx_hal_tim.o
 .debug_aranges
                0x00000c08      0x168 ./Drivers/STM32F1xx_HAL_Driver/Src/stm32f1xx_hal_tim_ex.o
 .debug_aranges
                0x00000d70      0x120 ./middlelayers/buffer/buffer.o
 .debug_aranges
                0x00000e90       0x80 ./middlelayers/buffer/router.o
 .debug_aranges
                0x00000f10       0x30 ./middlelayers/crc/crc.o
 .debug_aranges
                0x00000f40       0x50 ./middlelayers/device/DHT22/DHT22.o
 .debug_aranges
                0x00000f90       0x70 ./middlelayers/device/MQ135/MQ135.o
 .debug_aranges
                0x00001000       0x58 ./middlelayers/device/PM25/PM25.o
 .debug_aranges
                0x00001058       0x88 ./middlelayers/lo_ptc/lo_ptc.o
 .debug_aranges
                0x000010e0       0x58 ./modules/uart/user_uart.o

.debug_rnglists
                0x00000000      0xd0e
 .debug_rnglists
                0x00000000       0x14 ./App/FP_session.o
 .debug_rnglists
                0x00000014       0x13 ./App/Sleep_session.o
 .debug_rnglists
                0x00000027       0x34 ./App/mainApp.o
 .debug_rnglists
                0x0000005b       0x47 ./Core/Src/main.o
 .debug_rnglists
                0x000000a2       0x38 ./Core/Src/stm32f1xx_hal_msp.o
 .debug_rnglists
                0x000000da       0x5b ./Core/Src/stm32f1xx_it.o
 .debug_rnglists
                0x00000135       0x13 ./Core/Src/sysmem.o
 .debug_rnglists
                0x00000148       0x1a ./Core/Src/system_stm32f1xx.o
 .debug_rnglists
                0x00000162       0x19 ./Core/Startup/startup_stm32f103c8tx.o
 .debug_rnglists
                0x0000017b       0xa3 ./Drivers/STM32F1xx_HAL_Driver/Src/stm32f1xx_hal.o
 .debug_rnglists
                0x0000021e       0xbc ./Drivers/STM32F1xx_HAL_Driver/Src/stm32f1xx_hal_adc.o
 .debug_rnglists
                0x000002da       0xbb ./Drivers/STM32F1xx_HAL_Driver/Src/stm32f1xx_hal_cortex.o
 .debug_rnglists
                0x00000395       0x3f ./Drivers/STM32F1xx_HAL_Driver/Src/stm32f1xx_hal_gpio.o
 .debug_rnglists
                0x000003d4       0x7a ./Drivers/STM32F1xx_HAL_Driver/Src/stm32f1xx_hal_pwr.o
 .debug_rnglists
                0x0000044e       0x6c ./Drivers/STM32F1xx_HAL_Driver/Src/stm32f1xx_hal_rcc.o
 .debug_rnglists
                0x000004ba       0x21 ./Drivers/STM32F1xx_HAL_Driver/Src/stm32f1xx_hal_rcc_ex.o
 .debug_rnglists
                0x000004db       0xc1 ./Drivers/STM32F1xx_HAL_Driver/Src/stm32f1xx_hal_rtc.o
 .debug_rnglists
                0x0000059c       0x63 ./Drivers/STM32F1xx_HAL_Driver/Src/stm32f1xx_hal_rtc_ex.o
 .debug_rnglists
                0x000005ff      0x31a ./Drivers/STM32F1xx_HAL_Driver/Src/stm32f1xx_hal_tim.o
 .debug_rnglists
                0x00000919      0x125 ./Drivers/STM32F1xx_HAL_Driver/Src/stm32f1xx_hal_tim_ex.o
 .debug_rnglists
                0x00000a3e       0xe3 ./middlelayers/buffer/buffer.o
 .debug_rnglists
                0x00000b21       0x5e ./middlelayers/buffer/router.o
 .debug_rnglists
                0x00000b7f       0x20 ./middlelayers/crc/crc.o
 .debug_rnglists
                0x00000b9f       0x38 ./middlelayers/device/DHT22/DHT22.o
 .debug_rnglists
                0x00000bd7       0x52 ./middlelayers/device/MQ135/MQ135.o
 .debug_rnglists
                0x00000c29       0x3e ./middlelayers/device/PM25/PM25.o
 .debug_rnglists
                0x00000c67       0x64 ./middlelayers/lo_ptc/lo_ptc.o
 .debug_rnglists
                0x00000ccb       0x43 ./modules/uart/user_uart.o

.debug_macro    0x00000000    0x1ab52
 .debug_macro   0x00000000      0x38a ./App/FP_session.o
 .debug_macro   0x0000038a      0xaa8 ./App/FP_session.o
 .debug_macro   0x00000e32      0x221 ./App/FP_session.o
 .debug_macro   0x00001053       0x2e ./App/FP_session.o
 .debug_macro   0x00001081       0x22 ./App/FP_session.o
 .debug_macro   0x000010a3       0x22 ./App/FP_session.o
 .debug_macro   0x000010c5       0x8e ./App/FP_session.o
 .debug_macro   0x00001153       0x51 ./App/FP_session.o
 .debug_macro   0x000011a4      0x103 ./App/FP_session.o
 .debug_macro   0x000012a7       0x6a ./App/FP_session.o
 .debug_macro   0x00001311      0x1df ./App/FP_session.o
 .debug_macro   0x000014f0       0x1c ./App/FP_session.o
 .debug_macro   0x0000150c       0x22 ./App/FP_session.o
 .debug_macro   0x0000152e       0xbd ./App/FP_session.o
 .debug_macro   0x000015eb      0xd23 ./App/FP_session.o
 .debug_macro   0x0000230e     0xe09e ./App/FP_session.o
 .debug_macro   0x000103ac       0x6d ./App/FP_session.o
 .debug_macro   0x00010419     0x348d ./App/FP_session.o
 .debug_macro   0x000138a6      0x189 ./App/FP_session.o
 .debug_macro   0x00013a2f       0x5c ./App/FP_session.o
 .debug_macro   0x00013a8b      0x5bc ./App/FP_session.o
 .debug_macro   0x00014047      0x289 ./App/FP_session.o
 .debug_macro   0x000142d0      0x1cb ./App/FP_session.o
 .debug_macro   0x0001449b      0x114 ./App/FP_session.o
 .debug_macro   0x000145af      0x1b2 ./App/FP_session.o
 .debug_macro   0x00014761       0x27 ./App/FP_session.o
 .debug_macro   0x00014788      0x136 ./App/FP_session.o
 .debug_macro   0x000148be      0x1bc ./App/FP_session.o
 .debug_macro   0x00014a7a       0x34 ./App/FP_session.o
 .debug_macro   0x00014aae       0x3c ./App/FP_session.o
 .debug_macro   0x00014aea       0x57 ./App/FP_session.o
 .debug_macro   0x00014b41      0x46a ./App/FP_session.o
 .debug_macro   0x00014fab      0x1b5 ./App/FP_session.o
 .debug_macro   0x00015160       0x87 ./App/FP_session.o
 .debug_macro   0x000151e7      0x240 ./App/FP_session.o
 .debug_macro   0x00015427      0x140 ./App/FP_session.o
 .debug_macro   0x00015567      0x1ef ./App/FP_session.o
 .debug_macro   0x00015756       0xeb ./App/FP_session.o
 .debug_macro   0x00015841      0x8ed ./App/FP_session.o
 .debug_macro   0x0001612e       0x83 ./App/FP_session.o
 .debug_macro   0x000161b1       0x34 ./App/FP_session.o
 .debug_macro   0x000161e5       0x22 ./App/FP_session.o
 .debug_macro   0x00016207       0x61 ./App/FP_session.o
 .debug_macro   0x00016268       0x24 ./App/FP_session.o
 .debug_macro   0x0001628c       0x43 ./App/FP_session.o
 .debug_macro   0x000162cf       0x34 ./App/FP_session.o
 .debug_macro   0x00016303       0x16 ./App/FP_session.o
 .debug_macro   0x00016319       0x35 ./App/FP_session.o
 .debug_macro   0x0001634e      0x369 ./App/FP_session.o
 .debug_macro   0x000166b7       0x10 ./App/FP_session.o
 .debug_macro   0x000166c7       0x16 ./App/FP_session.o
 .debug_macro   0x000166dd       0x43 ./App/FP_session.o
 .debug_macro   0x00016720       0x34 ./App/FP_session.o
 .debug_macro   0x00016754       0x10 ./App/FP_session.o
 .debug_macro   0x00016764       0x58 ./App/FP_session.o
 .debug_macro   0x000167bc       0x8e ./App/FP_session.o
 .debug_macro   0x0001684a       0x1c ./App/FP_session.o
 .debug_macro   0x00016866      0x177 ./App/FP_session.o
 .debug_macro   0x000169dd       0x16 ./App/FP_session.o
 .debug_macro   0x000169f3       0x16 ./App/FP_session.o
 .debug_macro   0x00016a09      0x146 ./App/FP_session.o
 .debug_macro   0x00016b4f       0x40 ./App/FP_session.o
 .debug_macro   0x00016b8f       0x1c ./App/FP_session.o
 .debug_macro   0x00016bab       0x28 ./App/FP_session.o
 .debug_macro   0x00016bd3       0x22 ./App/FP_session.o
 .debug_macro   0x00016bf5      0x19b ./App/FP_session.o
 .debug_macro   0x00016d90       0x58 ./App/FP_session.o
 .debug_macro   0x00016de8       0x1c ./App/FP_session.o
 .debug_macro   0x00016e04       0x16 ./App/FP_session.o
 .debug_macro   0x00016e1a       0x16 ./App/FP_session.o
 .debug_macro   0x00016e30       0x29 ./App/FP_session.o
 .debug_macro   0x00016e59      0x356 ./App/Sleep_session.o
 .debug_macro   0x000171af      0x356 ./App/mainApp.o
 .debug_macro   0x00017505      0x356 ./Core/Src/main.o
 .debug_macro   0x0001785b      0x1cb ./Core/Src/stm32f1xx_hal_msp.o
 .debug_macro   0x00017a26      0x1d5 ./Core/Src/stm32f1xx_it.o
 .debug_macro   0x00017bfb       0xff ./Core/Src/sysmem.o
 .debug_macro   0x00017cfa      0x23c ./Core/Src/sysmem.o
 .debug_macro   0x00017f36      0x1c1 ./Core/Src/system_stm32f1xx.o
 .debug_macro   0x000180f7      0x1e5 ./Drivers/STM32F1xx_HAL_Driver/Src/stm32f1xx_hal.o
 .debug_macro   0x000182dc      0x1de ./Drivers/STM32F1xx_HAL_Driver/Src/stm32f1xx_hal_adc.o
 .debug_macro   0x000184ba      0x1c1 ./Drivers/STM32F1xx_HAL_Driver/Src/stm32f1xx_hal_cortex.o
 .debug_macro   0x0001867b      0x22c ./Drivers/STM32F1xx_HAL_Driver/Src/stm32f1xx_hal_gpio.o
 .debug_macro   0x000188a7      0x221 ./Drivers/STM32F1xx_HAL_Driver/Src/stm32f1xx_hal_pwr.o
 .debug_macro   0x00018ac8      0x1d3 ./Drivers/STM32F1xx_HAL_Driver/Src/stm32f1xx_hal_rcc.o
 .debug_macro   0x00018c9b      0x1c1 ./Drivers/STM32F1xx_HAL_Driver/Src/stm32f1xx_hal_rcc_ex.o
 .debug_macro   0x00018e5c      0x1d0 ./Drivers/STM32F1xx_HAL_Driver/Src/stm32f1xx_hal_rtc.o